../../Middlewares/ST/touchgfx/framework/include/touchgfx/Screen.hpp:104:18:virtual void touchgfx::Screen::afterTransition()	0	static
../../Middlewares/ST/touchgfx/framework/include/touchgfx/Screen.hpp:154:18:virtual void touchgfx::Screen::handleKeyEvent(uint8_t)	0	static
../../TouchGFX/generated/gui_generated/include/gui_generated/screen2_screen/Screen2ViewBase.hpp:24:18:virtual void Screen2ViewBase::ExitFromScreen2()	0	static
C:/TouchGFXProjects/SimpleRacing/SimpleRacing/TouchGFX/gui/src/screen2_screen/Screen2View.cpp:40:6:virtual void Screen2View::tearDownScreen()	0	static
../../TouchGFX/gui/include/gui/screen2_screen/Screen2View.hpp:11:13:Screen2View::~Screen2View()	8	static
../../TouchGFX/gui/include/gui/screen2_screen/Screen2View.hpp:11:13:virtual Screen2View::~Screen2View()	8	static
C:/TouchGFXProjects/SimpleRacing/SimpleRacing/TouchGFX/gui/src/screen2_screen/Screen2View.cpp:10:1:Screen2View::Screen2View()	8	static
C:/TouchGFXProjects/SimpleRacing/SimpleRacing/TouchGFX/gui/src/screen2_screen/Screen2View.cpp:96:6:void Screen2View::handleCarControl()	8	static
C:/TouchGFXProjects/SimpleRacing/SimpleRacing/TouchGFX/gui/src/screen2_screen/Screen2View.cpp:149:6:void Screen2View::gameOver()	16	static
C:/TouchGFXProjects/SimpleRacing/SimpleRacing/TouchGFX/gui/src/screen2_screen/Screen2View.cpp:127:6:void Screen2View::checkCollision()	4	static
C:/TouchGFXProjects/SimpleRacing/SimpleRacing/TouchGFX/gui/src/screen2_screen/Screen2View.cpp:18:6:virtual void Screen2View::setupScreen()	32	static
C:/TouchGFXProjects/SimpleRacing/SimpleRacing/TouchGFX/gui/src/screen2_screen/Screen2View.cpp:46:6:virtual void Screen2View::handleTickEvent()	16	static
