../Core/Src/main.c:101:6:SetDS1307	32	static
../Core/Src/main.c:106:6:GetDS1307	64	static
../Core/Src/main.c:121:5:main	200	static
../Core/Src/main.c:237:6:SystemClock_Config	88	static
../Core/Src/main.c:280:13:MX_CRC_Init	8	static
../Core/Src/main.c:304:13:MX_DMA2D_Init	8	static
../Core/Src/main.c:338:13:MX_I2C3_Init	8	static
../Core/Src/main.c:383:13:MX_LTDC_Init	64	static
../Core/Src/main.c:442:13:MX_SPI4_Init	8	static
../Core/Src/main.c:478:13:MX_SPI5_Init	8	static
../Core/Src/main.c:514:13:MX_TIM1_Init	32	static
../Core/Src/main.c:557:13:MX_USART1_UART_Init	8	static
../Core/Src/main.c:584:13:MX_FMC_Init	40	static
../Core/Src/main.c:633:13:MX_GPIO_Init	64	static
../Core/Src/main.c:740:6:StartDefaultTask	16	static
../Core/Src/main.c:759:6:HAL_TIM_PeriodElapsedCallback	16	static
../Core/Src/main.c:775:6:Error_Handler	4	static,ignoring_inline_asm
