Archive member included to satisfy reference by file (symbol)

C:/ST/STM32CubeIDE_1.15.1/STM32CubeIDE/plugins/com.st.stm32cube.ide.mcu.externaltools.gnu-tools-for-stm32.13.3.rel1.win32_1.0.0.202411081344/tools/bin/../lib/gcc/arm-none-eabi/13.3.1/../../../../arm-none-eabi/lib/thumb/v7e-m+fp/hard\libc_nano.a(libc_a-exit.o)
                              C:/ST/STM32CubeIDE_1.15.1/STM32CubeIDE/plugins/com.st.stm32cube.ide.mcu.externaltools.gnu-tools-for-stm32.13.3.rel1.win32_1.0.0.202411081344/tools/bin/../lib/gcc/arm-none-eabi/13.3.1/../../../../arm-none-eabi/lib/thumb/v7e-m+fp/hard/crt0.o (exit)
C:/ST/STM32CubeIDE_1.15.1/STM32CubeIDE/plugins/com.st.stm32cube.ide.mcu.externaltools.gnu-tools-for-stm32.13.3.rel1.win32_1.0.0.202411081344/tools/bin/../lib/gcc/arm-none-eabi/13.3.1/../../../../arm-none-eabi/lib/thumb/v7e-m+fp/hard\libc_nano.a(libc_a-malloc.o)
                              ./Middlewares/ST/STM32_USB_Host_Library/Class/CDC/Src/usbh_cdc.o (malloc)
C:/ST/STM32CubeIDE_1.15.1/STM32CubeIDE/plugins/com.st.stm32cube.ide.mcu.externaltools.gnu-tools-for-stm32.13.3.rel1.win32_1.0.0.202411081344/tools/bin/../lib/gcc/arm-none-eabi/13.3.1/../../../../arm-none-eabi/lib/thumb/v7e-m+fp/hard\libc_nano.a(libc_a-mallocr.o)
                              C:/ST/STM32CubeIDE_1.15.1/STM32CubeIDE/plugins/com.st.stm32cube.ide.mcu.externaltools.gnu-tools-for-stm32.13.3.rel1.win32_1.0.0.202411081344/tools/bin/../lib/gcc/arm-none-eabi/13.3.1/../../../../arm-none-eabi/lib/thumb/v7e-m+fp/hard\libc_nano.a(libc_a-malloc.o) (_malloc_r)
C:/ST/STM32CubeIDE_1.15.1/STM32CubeIDE/plugins/com.st.stm32cube.ide.mcu.externaltools.gnu-tools-for-stm32.13.3.rel1.win32_1.0.0.202411081344/tools/bin/../lib/gcc/arm-none-eabi/13.3.1/../../../../arm-none-eabi/lib/thumb/v7e-m+fp/hard\libc_nano.a(libc_a-mlock.o)
                              C:/ST/STM32CubeIDE_1.15.1/STM32CubeIDE/plugins/com.st.stm32cube.ide.mcu.externaltools.gnu-tools-for-stm32.13.3.rel1.win32_1.0.0.202411081344/tools/bin/../lib/gcc/arm-none-eabi/13.3.1/../../../../arm-none-eabi/lib/thumb/v7e-m+fp/hard\libc_nano.a(libc_a-mallocr.o) (__malloc_lock)
C:/ST/STM32CubeIDE_1.15.1/STM32CubeIDE/plugins/com.st.stm32cube.ide.mcu.externaltools.gnu-tools-for-stm32.13.3.rel1.win32_1.0.0.202411081344/tools/bin/../lib/gcc/arm-none-eabi/13.3.1/../../../../arm-none-eabi/lib/thumb/v7e-m+fp/hard\libc_nano.a(libc_a-findfp.o)
                              C:/ST/STM32CubeIDE_1.15.1/STM32CubeIDE/plugins/com.st.stm32cube.ide.mcu.externaltools.gnu-tools-for-stm32.13.3.rel1.win32_1.0.0.202411081344/tools/bin/../lib/gcc/arm-none-eabi/13.3.1/../../../../arm-none-eabi/lib/thumb/v7e-m+fp/hard\libc_nano.a(libc_a-exit.o) (__stdio_exit_handler)
C:/ST/STM32CubeIDE_1.15.1/STM32CubeIDE/plugins/com.st.stm32cube.ide.mcu.externaltools.gnu-tools-for-stm32.13.3.rel1.win32_1.0.0.202411081344/tools/bin/../lib/gcc/arm-none-eabi/13.3.1/../../../../arm-none-eabi/lib/thumb/v7e-m+fp/hard\libc_nano.a(libc_a-fwalk.o)
                              C:/ST/STM32CubeIDE_1.15.1/STM32CubeIDE/plugins/com.st.stm32cube.ide.mcu.externaltools.gnu-tools-for-stm32.13.3.rel1.win32_1.0.0.202411081344/tools/bin/../lib/gcc/arm-none-eabi/13.3.1/../../../../arm-none-eabi/lib/thumb/v7e-m+fp/hard\libc_nano.a(libc_a-findfp.o) (_fwalk_sglue)
C:/ST/STM32CubeIDE_1.15.1/STM32CubeIDE/plugins/com.st.stm32cube.ide.mcu.externaltools.gnu-tools-for-stm32.13.3.rel1.win32_1.0.0.202411081344/tools/bin/../lib/gcc/arm-none-eabi/13.3.1/../../../../arm-none-eabi/lib/thumb/v7e-m+fp/hard\libc_nano.a(libc_a-sprintf.o)
                              ./Core/Src/main.o (sprintf)
C:/ST/STM32CubeIDE_1.15.1/STM32CubeIDE/plugins/com.st.stm32cube.ide.mcu.externaltools.gnu-tools-for-stm32.13.3.rel1.win32_1.0.0.202411081344/tools/bin/../lib/gcc/arm-none-eabi/13.3.1/../../../../arm-none-eabi/lib/thumb/v7e-m+fp/hard\libc_nano.a(libc_a-stdio.o)
                              C:/ST/STM32CubeIDE_1.15.1/STM32CubeIDE/plugins/com.st.stm32cube.ide.mcu.externaltools.gnu-tools-for-stm32.13.3.rel1.win32_1.0.0.202411081344/tools/bin/../lib/gcc/arm-none-eabi/13.3.1/../../../../arm-none-eabi/lib/thumb/v7e-m+fp/hard\libc_nano.a(libc_a-findfp.o) (__sread)
C:/ST/STM32CubeIDE_1.15.1/STM32CubeIDE/plugins/com.st.stm32cube.ide.mcu.externaltools.gnu-tools-for-stm32.13.3.rel1.win32_1.0.0.202411081344/tools/bin/../lib/gcc/arm-none-eabi/13.3.1/../../../../arm-none-eabi/lib/thumb/v7e-m+fp/hard\libc_nano.a(libc_a-memset.o)
                              C:/ST/STM32CubeIDE_1.15.1/STM32CubeIDE/plugins/com.st.stm32cube.ide.mcu.externaltools.gnu-tools-for-stm32.13.3.rel1.win32_1.0.0.202411081344/tools/bin/../lib/gcc/arm-none-eabi/13.3.1/../../../../arm-none-eabi/lib/thumb/v7e-m+fp/hard/crt0.o (memset)
C:/ST/STM32CubeIDE_1.15.1/STM32CubeIDE/plugins/com.st.stm32cube.ide.mcu.externaltools.gnu-tools-for-stm32.13.3.rel1.win32_1.0.0.202411081344/tools/bin/../lib/gcc/arm-none-eabi/13.3.1/../../../../arm-none-eabi/lib/thumb/v7e-m+fp/hard\libc_nano.a(libc_a-closer.o)
[...]
Memory Configuration

Name             Origin             Length             Attributes
CCMRAM           0x10000000         0x00010000         xrw
RAM              0x20000000         0x00030000         xrw
FLASH            0x08000000         0x00200000         xr
*default*        0x00000000         0xffffffff

Linker script and memory map

LOAD C:/ST/STM32CubeIDE_1.15.1/STM32CubeIDE/plugins/com.st.stm32cube.ide.mcu.externaltools.gnu-tools-for-stm32.13.3.rel1.win32_1.0.0.202411081344/tools/bin/../lib/gcc/arm-none-eabi/13.3.1/thumb/v7e-m+fp/hard/crti.o
LOAD C:/ST/STM32CubeIDE_1.15.1/STM32CubeIDE/plugins/com.st.stm32cube.ide.mcu.externaltools.gnu-tools-for-stm32.13.3.rel1.win32_1.0.0.202411081344/tools/bin/../lib/gcc/arm-none-eabi/13.3.1/thumb/v7e-m+fp/hard/crtbegin.o
LOAD C:/ST/STM32CubeIDE_1.15.1/STM32CubeIDE/plugins/com.st.stm32cube.ide.mcu.externaltools.gnu-tools-for-stm32.13.3.rel1.win32_1.0.0.202411081344/tools/bin/../lib/gcc/arm-none-eabi/13.3.1/../../../../arm-none-eabi/lib/thumb/v7e-m+fp/hard/crt0.o
LOAD ./Core/Src/SH1106.o
LOAD ./Core/Src/fonts.o
LOAD ./Core/Src/freertos.o
LOAD ./Core/Src/main.o
LOAD ./Core/Src/stm32f4xx_hal_msp.o
LOAD ./Core/Src/stm32f4xx_hal_timebase_tim.o
LOAD ./Core/Src/stm32f4xx_it.o
LOAD ./Core/Src/syscalls.o
LOAD ./Core/Src/sysmem.o
LOAD ./Core/Src/system_stm32f4xx.o
LOAD ./Core/Src/tm_stm32f4_mfrc522.o
LOAD ./Core/Startup/startup_stm32f429zitx.o
LOAD ./Drivers/STM32F4xx_HAL_Driver/Src/stm32f4xx_hal.o
LOAD ./Drivers/STM32F4xx_HAL_Driver/Src/stm32f4xx_hal_cortex.o
LOAD ./Drivers/STM32F4xx_HAL_Driver/Src/stm32f4xx_hal_crc.o
LOAD ./Drivers/STM32F4xx_HAL_Driver/Src/stm32f4xx_hal_dma.o
LOAD ./Drivers/STM32F4xx_HAL_Driver/Src/stm32f4xx_hal_dma2d.o
LOAD ./Drivers/STM32F4xx_HAL_Driver/Src/stm32f4xx_hal_dma_ex.o
LOAD ./Drivers/STM32F4xx_HAL_Driver/Src/stm32f4xx_hal_dsi.o
LOAD ./Drivers/STM32F4xx_HAL_Driver/Src/stm32f4xx_hal_exti.o
LOAD ./Drivers/STM32F4xx_HAL_Driver/Src/stm32f4xx_hal_flash.o
LOAD ./Drivers/STM32F4xx_HAL_Driver/Src/stm32f4xx_hal_flash_ex.o
LOAD ./Drivers/STM32F4xx_HAL_Driver/Src/stm32f4xx_hal_flash_ramfunc.o
LOAD ./Drivers/STM32F4xx_HAL_Driver/Src/stm32f4xx_hal_gpio.o
LOAD ./Drivers/STM32F4xx_HAL_Driver/Src/stm32f4xx_hal_hcd.o
LOAD ./Drivers/STM32F4xx_HAL_Driver/Src/stm32f4xx_hal_i2c.o
LOAD ./Drivers/STM32F4xx_HAL_Driver/Src/stm32f4xx_hal_i2c_ex.o
LOAD ./Drivers/STM32F4xx_HAL_Driver/Src/stm32f4xx_hal_ltdc.o
LOAD ./Drivers/STM32F4xx_HAL_Driver/Src/stm32f4xx_hal_ltdc_ex.o
LOAD ./Drivers/STM32F4xx_HAL_Driver/Src/stm32f4xx_hal_nand.o
LOAD ./Drivers/STM32F4xx_HAL_Driver/Src/stm32f4xx_hal_nor.o
LOAD ./Drivers/STM32F4xx_HAL_Driver/Src/stm32f4xx_hal_pccard.o
LOAD ./Drivers/STM32F4xx_HAL_Driver/Src/stm32f4xx_hal_pwr.o
LOAD ./Drivers/STM32F4xx_HAL_Driver/Src/stm32f4xx_hal_pwr_ex.o
LOAD ./Drivers/STM32F4xx_HAL_Driver/Src/stm32f4xx_hal_rcc.o
LOAD ./Drivers/STM32F4xx_HAL_Driver/Src/stm32f4xx_hal_rcc_ex.o
LOAD ./Drivers/STM32F4xx_HAL_Driver/Src/stm32f4xx_hal_sdram.o
LOAD ./Drivers/STM32F4xx_HAL_Driver/Src/stm32f4xx_hal_spi.o
LOAD ./Drivers/STM32F4xx_HAL_Driver/Src/stm32f4xx_hal_sram.o
LOAD ./Drivers/STM32F4xx_HAL_Driver/Src/stm32f4xx_hal_tim.o
LOAD ./Drivers/STM32F4xx_HAL_Driver/Src/stm32f4xx_hal_tim_ex.o
LOAD ./Drivers/STM32F4xx_HAL_Driver/Src/stm32f4xx_hal_uart.o
LOAD ./Drivers/STM32F4xx_HAL_Driver/Src/stm32f4xx_ll_fmc.o
LOAD ./Drivers/STM32F4xx_HAL_Driver/Src/stm32f4xx_ll_usb.o
LOAD ./Middlewares/ST/STM32_USB_Host_Library/Class/CDC/Src/usbh_cdc.o
LOAD ./Middlewares/ST/STM32_USB_Host_Library/Core/Src/usbh_core.o
LOAD ./Middlewares/ST/STM32_USB_Host_Library/Core/Src/usbh_ctlreq.o
LOAD ./Middlewares/ST/STM32_USB_Host_Library/Core/Src/usbh_ioreq.o
LOAD ./Middlewares/ST/STM32_USB_Host_Library/Core/Src/usbh_pipes.o
LOAD ./Middlewares/Third_Party/FreeRTOS/Source/CMSIS_RTOS/cmsis_os.o
LOAD ./Middlewares/Third_Party/FreeRTOS/Source/croutine.o
LOAD ./Middlewares/Third_Party/FreeRTOS/Source/event_groups.o
LOAD ./Middlewares/Third_Party/FreeRTOS/Source/list.o
LOAD ./Middlewares/Third_Party/FreeRTOS/Source/queue.o
LOAD ./Middlewares/Third_Party/FreeRTOS/Source/stream_buffer.o
LOAD ./Middlewares/Third_Party/FreeRTOS/Source/tasks.o
LOAD ./Middlewares/Third_Party/FreeRTOS/Source/timers.o
LOAD ./Middlewares/Third_Party/FreeRTOS/Source/portable/GCC/ARM_CM4F/port.o
LOAD ./Middlewares/Third_Party/FreeRTOS/Source/portable/MemMang/heap_4.o
LOAD ./USB_HOST/App/usb_host.o
LOAD ./USB_HOST/Target/usbh_conf.o
LOAD ./USB_HOST/Target/usbh_platform.o
START GROUP
LOAD C:/ST/STM32CubeIDE_1.15.1/STM32CubeIDE/plugins/com.st.stm32cube.ide.mcu.externaltools.gnu-tools-for-stm32.13.3.rel1.win32_1.0.0.202411081344/tools/bin/../lib/gcc/arm-none-eabi/13.3.1/../../../../arm-none-eabi/lib/thumb/v7e-m+fp/hard\libc_nano.a
LOAD C:/ST/STM32CubeIDE_1.15.1/STM32CubeIDE/plugins/com.st.stm32cube.ide.mcu.externaltools.gnu-tools-for-stm32.13.3.rel1.win32_1.0.0.202411081344/tools/bin/../lib/gcc/arm-none-eabi/13.3.1/../../../../arm-none-eabi/lib/thumb/v7e-m+fp/hard\libm.a
END GROUP
START GROUP
LOAD C:/ST/STM32CubeIDE_1.15.1/STM32CubeIDE/plugins/com.st.stm32cube.ide.mcu.externaltools.gnu-tools-for-stm32.13.3.rel1.win32_1.0.0.202411081344/tools/bin/../lib/gcc/arm-none-eabi/13.3.1/thumb/v7e-m+fp/hard\libgcc.a
LOAD C:/ST/STM32CubeIDE_1.15.1/STM32CubeIDE/plugins/com.st.stm32cube.ide.mcu.externaltools.gnu-tools-for-stm32.13.3.rel1.win32_1.0.0.202411081344/tools/bin/../lib/gcc/arm-none-eabi/13.3.1/../../../../arm-none-eabi/lib/thumb/v7e-m+fp/hard\libc_nano.a
END GROUP
START GROUP
LOAD C:/ST/STM32CubeIDE_1.15.1/STM32CubeIDE/plugins/com.st.stm32cube.ide.mcu.externaltools.gnu-tools-for-stm32.13.3.rel1.win32_1.0.0.202411081344/tools/bin/../lib/gcc/arm-none-eabi/13.3.1/thumb/v7e-m+fp/hard\libgcc.a
LOAD C:/ST/STM32CubeIDE_1.15.1/STM32CubeIDE/plugins/com.st.stm32cube.ide.mcu.externaltools.gnu-tools-for-stm32.13.3.rel1.win32_1.0.0.202411081344/tools/bin/../lib/gcc/arm-none-eabi/13.3.1/../../../../arm-none-eabi/lib/thumb/v7e-m+fp/hard\libc_nano.a
LOAD C:/ST/STM32CubeIDE_1.15.1/STM32CubeIDE/plugins/com.st.stm32cube.ide.mcu.externaltools.gnu-tools-for-stm32.13.3.rel1.win32_1.0.0.202411081344/tools/bin/../lib/gcc/arm-none-eabi/13.3.1/../../../../arm-none-eabi/lib/thumb/v7e-m+fp/hard\libnosys.a
END GROUP
START GROUP
LOAD C:/ST/STM32CubeIDE_1.15.1/STM32CubeIDE/plugins/com.st.stm32cube.ide.mcu.externaltools.gnu-tools-for-stm32.13.3.rel1.win32_1.0.0.202411081344/tools/bin/../lib/gcc/arm-none-eabi/13.3.1/thumb/v7e-m+fp/hard\libgcc.a
LOAD C:/ST/STM32CubeIDE_1.15.1/STM32CubeIDE/plugins/com.st.stm32cube.ide.mcu.externaltools.gnu-tools-for-stm32.13.3.rel1.win32_1.0.0.202411081344/tools/bin/../lib/gcc/arm-none-eabi/13.3.1/../../../../arm-none-eabi/lib/thumb/v7e-m+fp/hard\libc_nano.a
LOAD C:/ST/STM32CubeIDE_1.15.1/STM32CubeIDE/plugins/com.st.stm32cube.ide.mcu.externaltools.gnu-tools-for-stm32.13.3.rel1.win32_1.0.0.202411081344/tools/bin/../lib/gcc/arm-none-eabi/13.3.1/../../../../arm-none-eabi/lib/thumb/v7e-m+fp/hard\libnosys.a
END GROUP
LOAD C:/ST/STM32CubeIDE_1.15.1/STM32CubeIDE/plugins/com.st.stm32cube.ide.mcu.externaltools.gnu-tools-for-stm32.13.3.rel1.win32_1.0.0.202411081344/tools/bin/../lib/gcc/arm-none-eabi/13.3.1/thumb/v7e-m+fp/hard/crtend.o
LOAD C:/ST/STM32CubeIDE_1.15.1/STM32CubeIDE/plugins/com.st.stm32cube.ide.mcu.externaltools.gnu-tools-for-stm32.13.3.rel1.win32_1.0.0.202411081344/tools/bin/../lib/gcc/arm-none-eabi/13.3.1/thumb/v7e-m+fp/hard/crtn.o
                0x20030000                        _estack = (ORIGIN (RAM) + LENGTH (RAM))
                0x00000200                        _Min_Heap_Size = 0x200
                0x00000400                        _Min_Stack_Size = 0x400

.isr_vector     0x08000000      0x1ac
                0x08000000                        . = ALIGN (0x4)
 *(.isr_vector)
 .isr_vector    0x08000000      0x1ac ./Core/Startup/startup_stm32f429zitx.o
                0x08000000                g_pfnVectors
                0x080001ac                        . = ALIGN (0x4)

.text           0x080001b0    0x10570
                0x080001b0                        . = ALIGN (0x4)
 *(.text)
 .text          0x080001b0       0x40 C:/ST/STM32CubeIDE_1.15.1/STM32CubeIDE/plugins/com.st.stm32cube.ide.mcu.externaltools.gnu-tools-for-stm32.13.3.rel1.win32_1.0.0.202411081344/tools/bin/../lib/gcc/arm-none-eabi/13.3.1/thumb/v7e-m+fp/hard/crtbegin.o
 .text          0x080001f0       0x10 C:/ST/STM32CubeIDE_1.15.1/STM32CubeIDE/plugins/com.st.stm32cube.ide.mcu.externaltools.gnu-tools-for-stm32.13.3.rel1.win32_1.0.0.202411081344/tools/bin/../lib/gcc/arm-none-eabi/13.3.1/../../../../arm-none-eabi/lib/thumb/v7e-m+fp/hard\libc_nano.a(libc_a-strlen.o)
                0x080001f0                strlen
 .text          0x08000200       0xa0 C:/ST/STM32CubeIDE_1.15.1/STM32CubeIDE/plugins/com.st.stm32cube.ide.mcu.externaltools.gnu-tools-for-stm32.13.3.rel1.win32_1.0.0.202411081344/tools/bin/../lib/gcc/arm-none-eabi/13.3.1/../../../../arm-none-eabi/lib/thumb/v7e-m+fp/hard\libc_nano.a(libc_a-memchr.o)
                0x08000200                memchr
 .text          0x080002a0       0x30 C:/ST/STM32CubeIDE_1.15.1/STM32CubeIDE/plugins/com.st.stm32cube.ide.mcu.externaltools.gnu-tools-for-stm32.13.3.rel1.win32_1.0.0.202411081344/tools/bin/../lib/gcc/arm-none-eabi/13.3.1/thumb/v7e-m+fp/hard\libgcc.a(_aeabi_uldivmod.o)
                0x080002a0                __aeabi_uldivmod
 .text          0x080002d0      0x2f8 C:/ST/STM32CubeIDE_1.15.1/STM32CubeIDE/plugins/com.st.stm32cube.ide.mcu.externaltools.gnu-tools-for-stm32.13.3.rel1.win32_1.0.0.202411081344/tools/bin/../lib/gcc/arm-none-eabi/13.3.1/thumb/v7e-m+fp/hard\libgcc.a(_udivmoddi4.o)
                0x080002d0                __udivmoddi4
 .text          0x080005c8        0x4 C:/ST/STM32CubeIDE_1.15.1/STM32CubeIDE/plugins/com.st.stm32cube.ide.mcu.externaltools.gnu-tools-for-stm32.13.3.rel1.win32_1.0.0.202411081344/tools/bin/../lib/gcc/arm-none-eabi/13.3.1/thumb/v7e-m+fp/hard\libgcc.a(_dvmd_tls.o)
                0x080005c8                __aeabi_idiv0
                0x080005c8                __aeabi_ldiv0
 *(.text*)
 .text.SH1106_Init
                0x080005cc      0x148 ./Core/Src/SH1106.o
                0x080005cc                SH1106_Init
 .text.SH1106_UpdateScreen
                0x08000714       0x5c ./Core/Src/SH1106.o
                0x08000714                SH1106_UpdateScreen
 .text.SH1106_Fill
                0x08000770       0x30 ./Core/Src/SH1106.o
                0x08000770                SH1106_Fill
 .text.SH1106_DrawPixel
                0x080007a0       0xc0 ./Core/Src/SH1106.o
                0x080007a0                SH1106_DrawPixel
 .text.SH1106_GotoXY
                0x08000860       0x2c ./Core/Src/SH1106.o
                0x08000860                SH1106_GotoXY
 .text.SH1106_Putc
                0x0800088c       0xfc ./Core/Src/SH1106.o
                0x0800088c                SH1106_Putc
 .text.SH1106_Puts
                0x08000988       0x4a ./Core/Src/SH1106.o
                0x08000988                SH1106_Puts
 *fill*         0x080009d2        0x2 
 .text.SH1106_I2C_WriteMulti
                0x080009d4       0xcc ./Core/Src/SH1106.o
                0x080009d4                SH1106_I2C_WriteMulti
 .text.SH1106_I2C_Write
                0x08000aa0       0x3c ./Core/Src/SH1106.o
                0x08000aa0                SH1106_I2C_Write
 .text.vApplicationIdleHook
                0x08000adc        0xe ./Core/Src/freertos.o
                0x08000adc                vApplicationIdleHook
 .text.vApplicationStackOverflowHook
                0x08000aea       0x16 ./Core/Src/freertos.o
                0x08000aea                vApplicationStackOverflowHook
 .text.vApplicationMallocFailedHook
                0x08000b00        0xe ./Core/Src/freertos.o
                0x08000b00                vApplicationMallocFailedHook
 *fill*         0x08000b0e        0x2 
 .text.vApplicationGetIdleTaskMemory
                0x08000b10       0x34 ./Core/Src/freertos.o
                0x08000b10                vApplicationGetIdleTaskMemory
 .text.SetDS1307
                0x08000b44       0x34 ./Core/Src/main.o
                0x08000b44                SetDS1307
 .text.GetDS1307
                0x08000b78       0x5c ./Core/Src/main.o
                0x08000b78                GetDS1307
 .text.main     0x08000bd4      0x18c ./Core/Src/main.o
                0x08000bd4                main
 .text.SystemClock_Config
                0x08000d60       0xd4 ./Core/Src/main.o
                0x08000d60                SystemClock_Config
 .text.MX_CRC_Init
                0x08000e34       0x28 ./Core/Src/main.o
 .text.MX_DMA2D_Init
                0x08000e5c       0x64 ./Core/Src/main.o
 .text.MX_I2C3_Init
                0x08000ec0       0x80 ./Core/Src/main.o
 .text.MX_LTDC_Init
                0x08000f40      0x100 ./Core/Src/main.o
 .text.MX_SPI4_Init
                0x08001040       0x6c ./Core/Src/main.o
 .text.MX_SPI5_Init
                0x080010ac       0x6c ./Core/Src/main.o
 .text.MX_TIM1_Init
                0x08001118       0xa0 ./Core/Src/main.o
 .text.MX_USART1_UART_Init
                0x080011b8       0x54 ./Core/Src/main.o
 .text.MX_FMC_Init
                0x0800120c       0xa0 ./Core/Src/main.o
 .text.MX_GPIO_Init
                0x080012ac      0x248 ./Core/Src/main.o
 .text.StartDefaultTask
                0x080014f4       0x14 ./Core/Src/main.o
                0x080014f4                StartDefaultTask
 .text.HAL_TIM_PeriodElapsedCallback
                0x08001508       0x24 ./Core/Src/main.o
                0x08001508                HAL_TIM_PeriodElapsedCallback
 .text.Error_Handler
                0x0800152c        0xc ./Core/Src/main.o
                0x0800152c                Error_Handler
 .text.HAL_MspInit
                0x08001538       0x58 ./Core/Src/stm32f4xx_hal_msp.o
                0x08001538                HAL_MspInit
 .text.HAL_CRC_MspInit
                0x08001590       0x44 ./Core/Src/stm32f4xx_hal_msp.o
                0x08001590                HAL_CRC_MspInit
 .text.HAL_DMA2D_MspInit
                0x080015d4       0x50 ./Core/Src/stm32f4xx_hal_msp.o
                0x080015d4                HAL_DMA2D_MspInit
 .text.HAL_I2C_MspInit
                0x08001624       0xd4 ./Core/Src/stm32f4xx_hal_msp.o
                0x08001624                HAL_I2C_MspInit
 .text.HAL_LTDC_MspInit
                0x080016f8      0x260 ./Core/Src/stm32f4xx_hal_msp.o
                0x080016f8                HAL_LTDC_MspInit
 .text.HAL_SPI_MspInit
                0x08001958       0xfc ./Core/Src/stm32f4xx_hal_msp.o
                0x08001958                HAL_SPI_MspInit
 .text.HAL_TIM_Base_MspInit
                0x08001a54       0x44 ./Core/Src/stm32f4xx_hal_msp.o
                0x08001a54                HAL_TIM_Base_MspInit
 .text.HAL_UART_MspInit
                0x08001a98       0x90 ./Core/Src/stm32f4xx_hal_msp.o
                0x08001a98                HAL_UART_MspInit
 .text.HAL_FMC_MspInit
                0x08001b28      0x124 ./Core/Src/stm32f4xx_hal_msp.o
 .text.HAL_SDRAM_MspInit
                0x08001c4c       0x14 ./Core/Src/stm32f4xx_hal_msp.o
                0x08001c4c                HAL_SDRAM_MspInit
 .text.HAL_InitTick
                0x08001c60       0xf8 ./Core/Src/stm32f4xx_hal_timebase_tim.o
                0x08001c60                HAL_InitTick
 .text.NMI_Handler
                0x08001d58        0x8 ./Core/Src/stm32f4xx_it.o
                0x08001d58                NMI_Handler
 .text.HardFault_Handler
                0x08001d60        0x8 ./Core/Src/stm32f4xx_it.o
                0x08001d60                HardFault_Handler
 .text.MemManage_Handler
                0x08001d68        0x8 ./Core/Src/stm32f4xx_it.o
                0x08001d68                MemManage_Handler
 .text.BusFault_Handler
                0x08001d70        0x8 ./Core/Src/stm32f4xx_it.o
                0x08001d70                BusFault_Handler
 .text.UsageFault_Handler
                0x08001d78        0x8 ./Core/Src/stm32f4xx_it.o
                0x08001d78                UsageFault_Handler
 .text.DebugMon_Handler
                0x08001d80        0xe ./Core/Src/stm32f4xx_it.o
                0x08001d80                DebugMon_Handler
 *fill*         0x08001d8e        0x2 
 .text.TIM6_DAC_IRQHandler
                0x08001d90       0x14 ./Core/Src/stm32f4xx_it.o
                0x08001d90                TIM6_DAC_IRQHandler
 .text.OTG_HS_IRQHandler
                0x08001da4       0x14 ./Core/Src/stm32f4xx_it.o
                0x08001da4                OTG_HS_IRQHandler
 .text.LTDC_IRQHandler
                0x08001db8       0x14 ./Core/Src/stm32f4xx_it.o
                0x08001db8                LTDC_IRQHandler
 .text.DMA2D_IRQHandler
                0x08001dcc       0x14 ./Core/Src/stm32f4xx_it.o
                0x08001dcc                DMA2D_IRQHandler
 .text._sbrk    0x08001de0       0x6c ./Core/Src/sysmem.o
                0x08001de0                _sbrk
 .text.SystemInit
                0x08001e4c       0x24 ./Core/Src/system_stm32f4xx.o
                0x08001e4c                SystemInit
 .text.TM_MFRC522_Check
                0x08001e70       0x32 ./Core/Src/tm_stm32f4_mfrc522.o
                0x08001e70                TM_MFRC522_Check
 *fill*         0x08001ea2        0x2 
 .text.TM_MFRC522_WriteRegister
                0x08001ea4       0x88 ./Core/Src/tm_stm32f4_mfrc522.o
                0x08001ea4                TM_MFRC522_WriteRegister
 .text.TM_MFRC522_ReadRegister
                0x08001f2c       0x94 ./Core/Src/tm_stm32f4_mfrc522.o
                0x08001f2c                TM_MFRC522_ReadRegister
 .text.TM_MFRC522_SetBitMask
                0x08001fc0       0x34 ./Core/Src/tm_stm32f4_mfrc522.o
                0x08001fc0                TM_MFRC522_SetBitMask
 .text.TM_MFRC522_ClearBitMask
                0x08001ff4       0x3c ./Core/Src/tm_stm32f4_mfrc522.o
                0x08001ff4                TM_MFRC522_ClearBitMask
 .text.TM_MFRC522_Request
                0x08002030       0x4a ./Core/Src/tm_stm32f4_mfrc522.o
                0x08002030                TM_MFRC522_Request
 .text.TM_MFRC522_ToCard
                0x0800207a      0x19e ./Core/Src/tm_stm32f4_mfrc522.o
                0x0800207a                TM_MFRC522_ToCard
 .text.TM_MFRC522_Anticoll
                0x08002218       0x7a ./Core/Src/tm_stm32f4_mfrc522.o
                0x08002218                TM_MFRC522_Anticoll
 .text.TM_MFRC522_CalculateCRC
                0x08002292       0x92 ./Core/Src/tm_stm32f4_mfrc522.o
                0x08002292                TM_MFRC522_CalculateCRC
 .text.TM_MFRC522_Halt
                0x08002324       0x36 ./Core/Src/tm_stm32f4_mfrc522.o
                0x08002324                TM_MFRC522_Halt
 *fill*         0x0800235a        0x2 
 .text.Reset_Handler
                0x0800235c       0x50 ./Core/Startup/startup_stm32f429zitx.o
                0x0800235c                Reset_Handler
 .text.Default_Handler
                0x080023ac        0x2 ./Core/Startup/startup_stm32f429zitx.o
                0x080023ac                RTC_Alarm_IRQHandler
                0x080023ac                HASH_RNG_IRQHandler
                0x080023ac                EXTI2_IRQHandler
                0x080023ac                TIM8_CC_IRQHandler
                0x080023ac                UART8_IRQHandler
                0x080023ac                SPI4_IRQHandler
                0x080023ac                TIM1_CC_IRQHandler
                0x080023ac                DMA2_Stream5_IRQHandler
                0x080023ac                DMA1_Stream5_IRQHandler
                0x080023ac                PVD_IRQHandler
                0x080023ac                SDIO_IRQHandler
                0x080023ac                TAMP_STAMP_IRQHandler
                0x080023ac                CAN2_RX1_IRQHandler
                0x080023ac                EXTI3_IRQHandler
                0x080023ac                TIM8_TRG_COM_TIM14_IRQHandler
                0x080023ac                TIM1_UP_TIM10_IRQHandler
                0x080023ac                TIM8_UP_TIM13_IRQHandler
                0x080023ac                I2C3_ER_IRQHandler
                0x080023ac                EXTI0_IRQHandler
                0x080023ac                I2C2_EV_IRQHandler
                0x080023ac                DMA1_Stream2_IRQHandler
                0x080023ac                CAN1_RX0_IRQHandler
                0x080023ac                FPU_IRQHandler
                0x080023ac                OTG_HS_WKUP_IRQHandler
                0x080023ac                LTDC_ER_IRQHandler
                0x080023ac                CAN2_SCE_IRQHandler
                0x080023ac                DMA2_Stream2_IRQHandler
                0x080023ac                SPI1_IRQHandler
                0x080023ac                TIM1_BRK_TIM9_IRQHandler
                0x080023ac                DCMI_IRQHandler
                0x080023ac                CAN2_RX0_IRQHandler
                0x080023ac                DMA2_Stream3_IRQHandler
                0x080023ac                USART6_IRQHandler
                0x080023ac                USART3_IRQHandler
                0x080023ac                CAN1_RX1_IRQHandler
                0x080023ac                UART5_IRQHandler
                0x080023ac                DMA2_Stream0_IRQHandler
                0x080023ac                TIM4_IRQHandler
                0x080023ac                I2C1_EV_IRQHandler
                0x080023ac                DMA1_Stream6_IRQHandler
                0x080023ac                DMA1_Stream1_IRQHandler
                0x080023ac                UART4_IRQHandler
                0x080023ac                TIM3_IRQHandler
                0x080023ac                RCC_IRQHandler
                0x080023ac                TIM8_BRK_TIM12_IRQHandler
                0x080023ac                Default_Handler
                0x080023ac                EXTI15_10_IRQHandler
                0x080023ac                ADC_IRQHandler
                0x080023ac                DMA1_Stream7_IRQHandler
                0x080023ac                SPI5_IRQHandler
                0x080023ac                TIM7_IRQHandler
                0x080023ac                CAN2_TX_IRQHandler
                0x080023ac                TIM5_IRQHandler
                0x080023ac                DMA2_Stream7_IRQHandler
                0x080023ac                I2C3_EV_IRQHandler
                0x080023ac                EXTI9_5_IRQHandler
                0x080023ac                RTC_WKUP_IRQHandler
                0x080023ac                ETH_WKUP_IRQHandler
                0x080023ac                SPI2_IRQHandler
                0x080023ac                OTG_HS_EP1_IN_IRQHandler
                0x080023ac                DMA1_Stream0_IRQHandler
                0x080023ac                CAN1_TX_IRQHandler
                0x080023ac                EXTI4_IRQHandler
                0x080023ac                ETH_IRQHandler
                0x080023ac                OTG_HS_EP1_OUT_IRQHandler
                0x080023ac                WWDG_IRQHandler
                0x080023ac                SPI6_IRQHandler
                0x080023ac                TIM2_IRQHandler
                0x080023ac                OTG_FS_WKUP_IRQHandler
                0x080023ac                TIM1_TRG_COM_TIM11_IRQHandler
                0x080023ac                EXTI1_IRQHandler
                0x080023ac                UART7_IRQHandler
                0x080023ac                USART2_IRQHandler
                0x080023ac                I2C2_ER_IRQHandler
                0x080023ac                DMA2_Stream1_IRQHandler
                0x080023ac                CAN1_SCE_IRQHandler
                0x080023ac                FLASH_IRQHandler
                0x080023ac                DMA2_Stream4_IRQHandler
                0x080023ac                USART1_IRQHandler
                0x080023ac                OTG_FS_IRQHandler
                0x080023ac                SPI3_IRQHandler
                0x080023ac                DMA1_Stream4_IRQHandler
                0x080023ac                I2C1_ER_IRQHandler
                0x080023ac                FMC_IRQHandler
                0x080023ac                DMA2_Stream6_IRQHandler
                0x080023ac                SAI1_IRQHandler
                0x080023ac                DMA1_Stream3_IRQHandler
 *fill*         0x080023ae        0x2 
 .text.HAL_Init
                0x080023b0       0x44 ./Drivers/STM32F4xx_HAL_Driver/Src/stm32f4xx_hal.o
                0x080023b0                HAL_Init
 .text.HAL_IncTick
                0x080023f4       0x28 ./Drivers/STM32F4xx_HAL_Driver/Src/stm32f4xx_hal.o
                0x080023f4                HAL_IncTick
 .text.HAL_GetTick
                0x0800241c       0x18 ./Drivers/STM32F4xx_HAL_Driver/Src/stm32f4xx_hal.o
                0x0800241c                HAL_GetTick
 .text.HAL_Delay
                0x08002434       0x48 ./Drivers/STM32F4xx_HAL_Driver/Src/stm32f4xx_hal.o
                0x08002434                HAL_Delay
 .text.__NVIC_SetPriorityGrouping
                0x0800247c       0x48 ./Drivers/STM32F4xx_HAL_Driver/Src/stm32f4xx_hal_cortex.o
 .text.__NVIC_GetPriorityGrouping
                0x080024c4       0x1c ./Drivers/STM32F4xx_HAL_Driver/Src/stm32f4xx_hal_cortex.o
 .text.__NVIC_EnableIRQ
                0x080024e0       0x3c ./Drivers/STM32F4xx_HAL_Driver/Src/stm32f4xx_hal_cortex.o
 .text.__NVIC_SetPriority
                0x0800251c       0x54 ./Drivers/STM32F4xx_HAL_Driver/Src/stm32f4xx_hal_cortex.o
 .text.NVIC_EncodePriority
                0x08002570       0x66 ./Drivers/STM32F4xx_HAL_Driver/Src/stm32f4xx_hal_cortex.o
 .text.HAL_NVIC_SetPriorityGrouping
                0x080025d6       0x16 ./Drivers/STM32F4xx_HAL_Driver/Src/stm32f4xx_hal_cortex.o
                0x080025d6                HAL_NVIC_SetPriorityGrouping
 .text.HAL_NVIC_SetPriority
                0x080025ec       0x38 ./Drivers/STM32F4xx_HAL_Driver/Src/stm32f4xx_hal_cortex.o
                0x080025ec                HAL_NVIC_SetPriority
 .text.HAL_NVIC_EnableIRQ
                0x08002624       0x1c ./Drivers/STM32F4xx_HAL_Driver/Src/stm32f4xx_hal_cortex.o
                0x08002624                HAL_NVIC_EnableIRQ
 .text.HAL_CRC_Init
                0x08002640       0x38 ./Drivers/STM32F4xx_HAL_Driver/Src/stm32f4xx_hal_crc.o
                0x08002640                HAL_CRC_Init
 .text.HAL_DMA2D_Init
                0x08002678       0x92 ./Drivers/STM32F4xx_HAL_Driver/Src/stm32f4xx_hal_dma2d.o
                0x08002678                HAL_DMA2D_Init
 .text.HAL_DMA2D_IRQHandler
                0x0800270a      0x1f8 ./Drivers/STM32F4xx_HAL_Driver/Src/stm32f4xx_hal_dma2d.o
                0x0800270a                HAL_DMA2D_IRQHandler
 .text.HAL_DMA2D_LineEventCallback
                0x08002902       0x14 ./Drivers/STM32F4xx_HAL_Driver/Src/stm32f4xx_hal_dma2d.o
                0x08002902                HAL_DMA2D_LineEventCallback
 .text.HAL_DMA2D_CLUTLoadingCpltCallback
                0x08002916       0x14 ./Drivers/STM32F4xx_HAL_Driver/Src/stm32f4xx_hal_dma2d.o
                0x08002916                HAL_DMA2D_CLUTLoadingCpltCallback
 *fill*         0x0800292a        0x2 
 .text.HAL_DMA2D_ConfigLayer
                0x0800292c      0x124 ./Drivers/STM32F4xx_HAL_Driver/Src/stm32f4xx_hal_dma2d.o
                0x0800292c                HAL_DMA2D_ConfigLayer
 .text.HAL_GPIO_Init
                0x08002a50      0x358 ./Drivers/STM32F4xx_HAL_Driver/Src/stm32f4xx_hal_gpio.o
                0x08002a50                HAL_GPIO_Init
 .text.HAL_GPIO_WritePin
                0x08002da8       0x32 ./Drivers/STM32F4xx_HAL_Driver/Src/stm32f4xx_hal_gpio.o
                0x08002da8                HAL_GPIO_WritePin
 .text.HAL_HCD_Init
                0x08002dda       0xce ./Drivers/STM32F4xx_HAL_Driver/Src/stm32f4xx_hal_hcd.o
                0x08002dda                HAL_HCD_Init
 .text.HAL_HCD_HC_Init
                0x08002ea8      0x170 ./Drivers/STM32F4xx_HAL_Driver/Src/stm32f4xx_hal_hcd.o
                0x08002ea8                HAL_HCD_HC_Init
 .text.HAL_HCD_HC_Halt
                0x08003018       0x46 ./Drivers/STM32F4xx_HAL_Driver/Src/stm32f4xx_hal_hcd.o
                0x08003018                HAL_HCD_HC_Halt
 *fill*         0x0800305e        0x2 
 .text.HAL_HCD_HC_SubmitRequest
                0x08003060      0x33c ./Drivers/STM32F4xx_HAL_Driver/Src/stm32f4xx_hal_hcd.o
                0x08003060                HAL_HCD_HC_SubmitRequest
 .text.HAL_HCD_IRQHandler
                0x0800339c      0x220 ./Drivers/STM32F4xx_HAL_Driver/Src/stm32f4xx_hal_hcd.o
                0x0800339c                HAL_HCD_IRQHandler
 .text.HAL_HCD_Start
                0x080035bc       0x46 ./Drivers/STM32F4xx_HAL_Driver/Src/stm32f4xx_hal_hcd.o
                0x080035bc                HAL_HCD_Start
 .text.HAL_HCD_Stop
                0x08003602       0x3a ./Drivers/STM32F4xx_HAL_Driver/Src/stm32f4xx_hal_hcd.o
                0x08003602                HAL_HCD_Stop
 .text.HAL_HCD_ResetPort
                0x0800363c       0x1c ./Drivers/STM32F4xx_HAL_Driver/Src/stm32f4xx_hal_hcd.o
                0x0800363c                HAL_HCD_ResetPort
 .text.HAL_HCD_HC_GetURBState
                0x08003658       0x2a ./Drivers/STM32F4xx_HAL_Driver/Src/stm32f4xx_hal_hcd.o
                0x08003658                HAL_HCD_HC_GetURBState
 .text.HAL_HCD_HC_GetXferCount
                0x08003682       0x2a ./Drivers/STM32F4xx_HAL_Driver/Src/stm32f4xx_hal_hcd.o
                0x08003682                HAL_HCD_HC_GetXferCount
 .text.HAL_HCD_GetCurrentFrame
                0x080036ac       0x1c ./Drivers/STM32F4xx_HAL_Driver/Src/stm32f4xx_hal_hcd.o
                0x080036ac                HAL_HCD_GetCurrentFrame
 .text.HAL_HCD_GetCurrentSpeed
                0x080036c8       0x1c ./Drivers/STM32F4xx_HAL_Driver/Src/stm32f4xx_hal_hcd.o
                0x080036c8                HAL_HCD_GetCurrentSpeed
 .text.HAL_HCD_HC_ClearHubInfo
                0x080036e4       0x6a ./Drivers/STM32F4xx_HAL_Driver/Src/stm32f4xx_hal_hcd.o
                0x080036e4                HAL_HCD_HC_ClearHubInfo
 .text.HCD_HC_IN_IRQHandler
                0x0800374e      0xcd2 ./Drivers/STM32F4xx_HAL_Driver/Src/stm32f4xx_hal_hcd.o
 .text.HCD_HC_OUT_IRQHandler
                0x08004420      0x94a ./Drivers/STM32F4xx_HAL_Driver/Src/stm32f4xx_hal_hcd.o
 .text.HCD_RXQLVL_IRQHandler
                0x08004d6a      0x1be ./Drivers/STM32F4xx_HAL_Driver/Src/stm32f4xx_hal_hcd.o
 .text.HCD_Port_IRQHandler
                0x08004f28       0xe6 ./Drivers/STM32F4xx_HAL_Driver/Src/stm32f4xx_hal_hcd.o
 *fill*         0x0800500e        0x2 
 .text.HAL_I2C_Init
                0x08005010      0x288 ./Drivers/STM32F4xx_HAL_Driver/Src/stm32f4xx_hal_i2c.o
                0x08005010                HAL_I2C_Init
 .text.HAL_I2C_Master_Transmit
                0x08005298      0x1fc ./Drivers/STM32F4xx_HAL_Driver/Src/stm32f4xx_hal_i2c.o
                0x08005298                HAL_I2C_Master_Transmit
 .text.HAL_I2C_Mem_Write
                0x08005494      0x1f4 ./Drivers/STM32F4xx_HAL_Driver/Src/stm32f4xx_hal_i2c.o
                0x08005494                HAL_I2C_Mem_Write
 .text.HAL_I2C_Mem_Read
                0x08005688      0x464 ./Drivers/STM32F4xx_HAL_Driver/Src/stm32f4xx_hal_i2c.o
                0x08005688                HAL_I2C_Mem_Read
 .text.HAL_I2C_IsDeviceReady
                0x08005aec      0x25c ./Drivers/STM32F4xx_HAL_Driver/Src/stm32f4xx_hal_i2c.o
                0x08005aec                HAL_I2C_IsDeviceReady
 .text.I2C_MasterRequestWrite
                0x08005d48      0x104 ./Drivers/STM32F4xx_HAL_Driver/Src/stm32f4xx_hal_i2c.o
 .text.I2C_RequestMemoryWrite
                0x08005e4c      0x12c ./Drivers/STM32F4xx_HAL_Driver/Src/stm32f4xx_hal_i2c.o
 .text.I2C_RequestMemoryRead
                0x08005f78      0x1d0 ./Drivers/STM32F4xx_HAL_Driver/Src/stm32f4xx_hal_i2c.o
 .text.I2C_WaitOnFlagUntilTimeout
                0x08006148       0xf4 ./Drivers/STM32F4xx_HAL_Driver/Src/stm32f4xx_hal_i2c.o
 .text.I2C_WaitOnMasterAddressFlagUntilTimeout
                0x0800623c      0x140 ./Drivers/STM32F4xx_HAL_Driver/Src/stm32f4xx_hal_i2c.o
 .text.I2C_WaitOnTXEFlagUntilTimeout
                0x0800637c       0x90 ./Drivers/STM32F4xx_HAL_Driver/Src/stm32f4xx_hal_i2c.o
 .text.I2C_WaitOnBTFFlagUntilTimeout
                0x0800640c       0x90 ./Drivers/STM32F4xx_HAL_Driver/Src/stm32f4xx_hal_i2c.o
 .text.I2C_WaitOnRXNEFlagUntilTimeout
                0x0800649c       0xba ./Drivers/STM32F4xx_HAL_Driver/Src/stm32f4xx_hal_i2c.o
 .text.I2C_IsAcknowledgeFailed
                0x08006556       0x5e ./Drivers/STM32F4xx_HAL_Driver/Src/stm32f4xx_hal_i2c.o
 .text.HAL_I2CEx_ConfigAnalogFilter
                0x080065b4       0x78 ./Drivers/STM32F4xx_HAL_Driver/Src/stm32f4xx_hal_i2c_ex.o
                0x080065b4                HAL_I2CEx_ConfigAnalogFilter
 .text.HAL_I2CEx_ConfigDigitalFilter
                0x0800662c       0x7e ./Drivers/STM32F4xx_HAL_Driver/Src/stm32f4xx_hal_i2c_ex.o
                0x0800662c                HAL_I2CEx_ConfigDigitalFilter
 *fill*         0x080066aa        0x2 
 .text.HAL_LTDC_Init
                0x080066ac      0x1a0 ./Drivers/STM32F4xx_HAL_Driver/Src/stm32f4xx_hal_ltdc.o
                0x080066ac                HAL_LTDC_Init
 .text.HAL_LTDC_IRQHandler
                0x0800684c      0x148 ./Drivers/STM32F4xx_HAL_Driver/Src/stm32f4xx_hal_ltdc.o
                0x0800684c                HAL_LTDC_IRQHandler
 .text.HAL_LTDC_ErrorCallback
                0x08006994       0x14 ./Drivers/STM32F4xx_HAL_Driver/Src/stm32f4xx_hal_ltdc.o
                0x08006994                HAL_LTDC_ErrorCallback
 .text.HAL_LTDC_LineEventCallback
                0x080069a8       0x14 ./Drivers/STM32F4xx_HAL_Driver/Src/stm32f4xx_hal_ltdc.o
                0x080069a8                HAL_LTDC_LineEventCallback
 .text.HAL_LTDC_ReloadEventCallback
                0x080069bc       0x14 ./Drivers/STM32F4xx_HAL_Driver/Src/stm32f4xx_hal_ltdc.o
                0x080069bc                HAL_LTDC_ReloadEventCallback
 .text.HAL_LTDC_ConfigLayer
                0x080069d0       0x7c ./Drivers/STM32F4xx_HAL_Driver/Src/stm32f4xx_hal_ltdc.o
                0x080069d0                HAL_LTDC_ConfigLayer
 .text.LTDC_SetConfig
                0x08006a4c      0x32e ./Drivers/STM32F4xx_HAL_Driver/Src/stm32f4xx_hal_ltdc.o
 *fill*         0x08006d7a        0x2 
 .text.HAL_RCC_OscConfig
                0x08006d7c      0x4f0 ./Drivers/STM32F4xx_HAL_Driver/Src/stm32f4xx_hal_rcc.o
                0x08006d7c                HAL_RCC_OscConfig
 .text.HAL_RCC_ClockConfig
                0x0800726c      0x1cc ./Drivers/STM32F4xx_HAL_Driver/Src/stm32f4xx_hal_rcc.o
                0x0800726c                HAL_RCC_ClockConfig
 .text.HAL_RCC_GetSysClockFreq
                0x08007438      0x20c ./Drivers/STM32F4xx_HAL_Driver/Src/stm32f4xx_hal_rcc.o
                0x08007438                HAL_RCC_GetSysClockFreq
 .text.HAL_RCC_GetHCLKFreq
                0x08007644       0x18 ./Drivers/STM32F4xx_HAL_Driver/Src/stm32f4xx_hal_rcc.o
                0x08007644                HAL_RCC_GetHCLKFreq
 .text.HAL_RCC_GetPCLK1Freq
                0x0800765c       0x28 ./Drivers/STM32F4xx_HAL_Driver/Src/stm32f4xx_hal_rcc.o
                0x0800765c                HAL_RCC_GetPCLK1Freq
 .text.HAL_RCC_GetPCLK2Freq
                0x08007684       0x28 ./Drivers/STM32F4xx_HAL_Driver/Src/stm32f4xx_hal_rcc.o
                0x08007684                HAL_RCC_GetPCLK2Freq
 .text.HAL_RCC_GetClockConfig
                0x080076ac       0x64 ./Drivers/STM32F4xx_HAL_Driver/Src/stm32f4xx_hal_rcc.o
                0x080076ac                HAL_RCC_GetClockConfig
 .text.HAL_RCCEx_PeriphCLKConfig
                0x08007710      0x380 ./Drivers/STM32F4xx_HAL_Driver/Src/stm32f4xx_hal_rcc_ex.o
                0x08007710                HAL_RCCEx_PeriphCLKConfig
 .text.HAL_SDRAM_Init
                0x08007a90       0x68 ./Drivers/STM32F4xx_HAL_Driver/Src/stm32f4xx_hal_sdram.o
                0x08007a90                HAL_SDRAM_Init
 .text.HAL_SPI_Init
                0x08007af8      0x112 ./Drivers/STM32F4xx_HAL_Driver/Src/stm32f4xx_hal_spi.o
                0x08007af8                HAL_SPI_Init
 .text.HAL_SPI_Transmit
                0x08007c0a      0x286 ./Drivers/STM32F4xx_HAL_Driver/Src/stm32f4xx_hal_spi.o
                0x08007c0a                HAL_SPI_Transmit
 .text.HAL_SPI_Receive
                0x08007e90      0x230 ./Drivers/STM32F4xx_HAL_Driver/Src/stm32f4xx_hal_spi.o
                0x08007e90                HAL_SPI_Receive
 .text.HAL_SPI_TransmitReceive
                0x080080c0      0x360 ./Drivers/STM32F4xx_HAL_Driver/Src/stm32f4xx_hal_spi.o
                0x080080c0                HAL_SPI_TransmitReceive
 .text.HAL_SPI_GetState
                0x08008420       0x1c ./Drivers/STM32F4xx_HAL_Driver/Src/stm32f4xx_hal_spi.o
                0x08008420                HAL_SPI_GetState
 .text.SPI_WaitFlagStateUntilTimeout
                0x0800843c      0x110 ./Drivers/STM32F4xx_HAL_Driver/Src/stm32f4xx_hal_spi.o
 .text.SPI_EndRxTransaction
                0x0800854c       0xca ./Drivers/STM32F4xx_HAL_Driver/Src/stm32f4xx_hal_spi.o
 *fill*         0x08008616        0x2 
 .text.SPI_EndRxTxTransaction
                0x08008618       0xa8 ./Drivers/STM32F4xx_HAL_Driver/Src/stm32f4xx_hal_spi.o
 .text.HAL_TIM_Base_Init
                0x080086c0       0x9e ./Drivers/STM32F4xx_HAL_Driver/Src/stm32f4xx_hal_tim.o
                0x080086c0                HAL_TIM_Base_Init
 *fill*         0x0800875e        0x2 
 .text.HAL_TIM_Base_Start_IT
                0x08008760       0xe0 ./Drivers/STM32F4xx_HAL_Driver/Src/stm32f4xx_hal_tim.o
                0x08008760                HAL_TIM_Base_Start_IT
 .text.HAL_TIM_IRQHandler
                0x08008840      0x1e0 ./Drivers/STM32F4xx_HAL_Driver/Src/stm32f4xx_hal_tim.o
                0x08008840                HAL_TIM_IRQHandler
 .text.HAL_TIM_ConfigClockSource
                0x08008a20      0x18e ./Drivers/STM32F4xx_HAL_Driver/Src/stm32f4xx_hal_tim.o
                0x08008a20                HAL_TIM_ConfigClockSource
 .text.HAL_TIM_OC_DelayElapsedCallback
                0x08008bae       0x14 ./Drivers/STM32F4xx_HAL_Driver/Src/stm32f4xx_hal_tim.o
                0x08008bae                HAL_TIM_OC_DelayElapsedCallback
 .text.HAL_TIM_IC_CaptureCallback
                0x08008bc2       0x14 ./Drivers/STM32F4xx_HAL_Driver/Src/stm32f4xx_hal_tim.o
                0x08008bc2                HAL_TIM_IC_CaptureCallback
 .text.HAL_TIM_PWM_PulseFinishedCallback
                0x08008bd6       0x14 ./Drivers/STM32F4xx_HAL_Driver/Src/stm32f4xx_hal_tim.o
                0x08008bd6                HAL_TIM_PWM_PulseFinishedCallback
 .text.HAL_TIM_TriggerCallback
                0x08008bea       0x14 ./Drivers/STM32F4xx_HAL_Driver/Src/stm32f4xx_hal_tim.o
                0x08008bea                HAL_TIM_TriggerCallback
 *fill*         0x08008bfe        0x2 
 .text.TIM_Base_SetConfig
                0x08008c00      0x158 ./Drivers/STM32F4xx_HAL_Driver/Src/stm32f4xx_hal_tim.o
                0x08008c00                TIM_Base_SetConfig
 .text.TIM_TI1_ConfigInputStage
                0x08008d58       0x5e ./Drivers/STM32F4xx_HAL_Driver/Src/stm32f4xx_hal_tim.o
 .text.TIM_TI2_ConfigInputStage
                0x08008db6       0x60 ./Drivers/STM32F4xx_HAL_Driver/Src/stm32f4xx_hal_tim.o
 .text.TIM_ITRx_SetConfig
                0x08008e16       0x36 ./Drivers/STM32F4xx_HAL_Driver/Src/stm32f4xx_hal_tim.o
 .text.TIM_ETR_SetConfig
                0x08008e4c       0x40 ./Drivers/STM32F4xx_HAL_Driver/Src/stm32f4xx_hal_tim.o
                0x08008e4c                TIM_ETR_SetConfig
 .text.HAL_TIMEx_MasterConfigSynchronization
                0x08008e8c       0xf8 ./Drivers/STM32F4xx_HAL_Driver/Src/stm32f4xx_hal_tim_ex.o
                0x08008e8c                HAL_TIMEx_MasterConfigSynchronization
 .text.HAL_TIMEx_CommutCallback
                0x08008f84       0x14 ./Drivers/STM32F4xx_HAL_Driver/Src/stm32f4xx_hal_tim_ex.o
                0x08008f84                HAL_TIMEx_CommutCallback
 .text.HAL_TIMEx_BreakCallback
                0x08008f98       0x14 ./Drivers/STM32F4xx_HAL_Driver/Src/stm32f4xx_hal_tim_ex.o
                0x08008f98                HAL_TIMEx_BreakCallback
 .text.HAL_UART_Init
                0x08008fac       0xa0 ./Drivers/STM32F4xx_HAL_Driver/Src/stm32f4xx_hal_uart.o
                0x08008fac                HAL_UART_Init
 .text.HAL_UART_Transmit
                0x0800904c      0x116 ./Drivers/STM32F4xx_HAL_Driver/Src/stm32f4xx_hal_uart.o
                0x0800904c                HAL_UART_Transmit
 .text.UART_WaitOnFlagUntilTimeout
                0x08009162       0xb2 ./Drivers/STM32F4xx_HAL_Driver/Src/stm32f4xx_hal_uart.o
 .text.UART_EndRxTransfer
                0x08009214       0xc6 ./Drivers/STM32F4xx_HAL_Driver/Src/stm32f4xx_hal_uart.o
 *fill*         0x080092da        0x2 
 .text.UART_SetConfig
                0x080092dc      0x4e8 ./Drivers/STM32F4xx_HAL_Driver/Src/stm32f4xx_hal_uart.o
 .text.FMC_SDRAM_Init
                0x080097c4       0xba ./Drivers/STM32F4xx_HAL_Driver/Src/stm32f4xx_ll_fmc.o
                0x080097c4                FMC_SDRAM_Init
 .text.FMC_SDRAM_Timing_Init
                0x0800987e       0xd2 ./Drivers/STM32F4xx_HAL_Driver/Src/stm32f4xx_ll_fmc.o
                0x0800987e                FMC_SDRAM_Timing_Init
 .text.USB_CoreInit
                0x08009950       0xc8 ./Drivers/STM32F4xx_HAL_Driver/Src/stm32f4xx_ll_usb.o
                0x08009950                USB_CoreInit
 .text.USB_EnableGlobalInt
                0x08009a18       0x22 ./Drivers/STM32F4xx_HAL_Driver/Src/stm32f4xx_ll_usb.o
                0x08009a18                USB_EnableGlobalInt
 .text.USB_DisableGlobalInt
                0x08009a3a       0x22 ./Drivers/STM32F4xx_HAL_Driver/Src/stm32f4xx_ll_usb.o
                0x08009a3a                USB_DisableGlobalInt
 .text.USB_SetCurrentMode
                0x08009a5c       0x98 ./Drivers/STM32F4xx_HAL_Driver/Src/stm32f4xx_ll_usb.o
                0x08009a5c                USB_SetCurrentMode
 .text.USB_FlushTxFifo
                0x08009af4       0x64 ./Drivers/STM32F4xx_HAL_Driver/Src/stm32f4xx_ll_usb.o
                0x08009af4                USB_FlushTxFifo
 .text.USB_FlushRxFifo
                0x08009b58       0x5c ./Drivers/STM32F4xx_HAL_Driver/Src/stm32f4xx_ll_usb.o
                0x08009b58                USB_FlushRxFifo
 .text.USB_WritePacket
                0x08009bb4       0x7c ./Drivers/STM32F4xx_HAL_Driver/Src/stm32f4xx_ll_usb.o
                0x08009bb4                USB_WritePacket
 .text.USB_ReadPacket
                0x08009c30       0xb0 ./Drivers/STM32F4xx_HAL_Driver/Src/stm32f4xx_ll_usb.o
                0x08009c30                USB_ReadPacket
 .text.USB_ReadInterrupts
                0x08009ce0       0x26 ./Drivers/STM32F4xx_HAL_Driver/Src/stm32f4xx_ll_usb.o
                0x08009ce0                USB_ReadInterrupts
 .text.USB_ReadChInterrupts
                0x08009d06       0x42 ./Drivers/STM32F4xx_HAL_Driver/Src/stm32f4xx_ll_usb.o
                0x08009d06                USB_ReadChInterrupts
 .text.USB_GetMode
                0x08009d48       0x1c ./Drivers/STM32F4xx_HAL_Driver/Src/stm32f4xx_ll_usb.o
                0x08009d48                USB_GetMode
 .text.USB_CoreReset
                0x08009d64       0x62 ./Drivers/STM32F4xx_HAL_Driver/Src/stm32f4xx_ll_usb.o
 *fill*         0x08009dc6        0x2 
 .text.USB_HostInit
                0x08009dc8      0x188 ./Drivers/STM32F4xx_HAL_Driver/Src/stm32f4xx_ll_usb.o
                0x08009dc8                USB_HostInit
 .text.USB_InitFSLSPClkSel
                0x08009f50       0x7a ./Drivers/STM32F4xx_HAL_Driver/Src/stm32f4xx_ll_usb.o
                0x08009f50                USB_InitFSLSPClkSel
 .text.USB_ResetPort
                0x08009fca       0x54 ./Drivers/STM32F4xx_HAL_Driver/Src/stm32f4xx_ll_usb.o
                0x08009fca                USB_ResetPort
 .text.USB_DriveVbus
                0x0800a01e       0x72 ./Drivers/STM32F4xx_HAL_Driver/Src/stm32f4xx_ll_usb.o
                0x0800a01e                USB_DriveVbus
 .text.USB_GetHostSpeed
                0x0800a090       0x2e ./Drivers/STM32F4xx_HAL_Driver/Src/stm32f4xx_ll_usb.o
                0x0800a090                USB_GetHostSpeed
 .text.USB_GetCurrentFrame
                0x0800a0be       0x22 ./Drivers/STM32F4xx_HAL_Driver/Src/stm32f4xx_ll_usb.o
                0x0800a0be                USB_GetCurrentFrame
 .text.USB_HC_Init
                0x0800a0e0      0x258 ./Drivers/STM32F4xx_HAL_Driver/Src/stm32f4xx_ll_usb.o
                0x0800a0e0                USB_HC_Init
 .text.USB_HC_StartXfer
                0x0800a338      0x4f4 ./Drivers/STM32F4xx_HAL_Driver/Src/stm32f4xx_ll_usb.o
                0x0800a338                USB_HC_StartXfer
 .text.USB_HC_ReadInterrupt
                0x0800a82c       0x22 ./Drivers/STM32F4xx_HAL_Driver/Src/stm32f4xx_ll_usb.o
                0x0800a82c                USB_HC_ReadInterrupt
 .text.USB_HC_Halt
                0x0800a84e      0x240 ./Drivers/STM32F4xx_HAL_Driver/Src/stm32f4xx_ll_usb.o
                0x0800a84e                USB_HC_Halt
 *fill*         0x0800aa8e        0x2 
 .text.USB_DoPing
                0x0800aa90       0x78 ./Drivers/STM32F4xx_HAL_Driver/Src/stm32f4xx_ll_usb.o
                0x0800aa90                USB_DoPing
 .text.USB_StopHost
                0x0800ab08      0x124 ./Drivers/STM32F4xx_HAL_Driver/Src/stm32f4xx_ll_usb.o
                0x0800ab08                USB_StopHost
 .text.USBH_CDC_InterfaceInit
                0x0800ac2c      0x2ac ./Middlewares/ST/STM32_USB_Host_Library/Class/CDC/Src/usbh_cdc.o
 .text.USBH_CDC_InterfaceDeInit
                0x0800aed8       0xb2 ./Middlewares/ST/STM32_USB_Host_Library/Class/CDC/Src/usbh_cdc.o
 .text.USBH_CDC_ClassRequest
                0x0800af8a       0x3e ./Middlewares/ST/STM32_USB_Host_Library/Class/CDC/Src/usbh_cdc.o
 .text.USBH_CDC_Process
                0x0800afc8      0x12c ./Middlewares/ST/STM32_USB_Host_Library/Class/CDC/Src/usbh_cdc.o
 .text.USBH_CDC_SOFProcess
                0x0800b0f4       0x16 ./Middlewares/ST/STM32_USB_Host_Library/Class/CDC/Src/usbh_cdc.o
 .text.GetLineCoding
                0x0800b10a       0x3e ./Middlewares/ST/STM32_USB_Host_Library/Class/CDC/Src/usbh_cdc.o
 .text.SetLineCoding
                0x0800b148       0x3e ./Middlewares/ST/STM32_USB_Host_Library/Class/CDC/Src/usbh_cdc.o
 .text.CDC_ProcessTransmission
                0x0800b186      0x124 ./Middlewares/ST/STM32_USB_Host_Library/Class/CDC/Src/usbh_cdc.o
 .text.CDC_ProcessReception
                0x0800b2aa       0xd2 ./Middlewares/ST/STM32_USB_Host_Library/Class/CDC/Src/usbh_cdc.o
 .text.USBH_CDC_TransmitCallback
                0x0800b37c       0x14 ./Middlewares/ST/STM32_USB_Host_Library/Class/CDC/Src/usbh_cdc.o
                0x0800b37c                USBH_CDC_TransmitCallback
 .text.USBH_CDC_ReceiveCallback
                0x0800b390       0x14 ./Middlewares/ST/STM32_USB_Host_Library/Class/CDC/Src/usbh_cdc.o
                0x0800b390                USBH_CDC_ReceiveCallback
 .text.USBH_CDC_LineCodingChanged
                0x0800b3a4       0x14 ./Middlewares/ST/STM32_USB_Host_Library/Class/CDC/Src/usbh_cdc.o
                0x0800b3a4                USBH_CDC_LineCodingChanged
 .text.USBH_Init
                0x0800b3b8       0xc4 ./Middlewares/ST/STM32_USB_Host_Library/Core/Src/usbh_core.o
                0x0800b3b8                USBH_Init
 .text.DeInitStateMachine
                0x0800b47c       0xe6 ./Middlewares/ST/STM32_USB_Host_Library/Core/Src/usbh_core.o
 .text.USBH_RegisterClass
                0x0800b562       0x54 ./Middlewares/ST/STM32_USB_Host_Library/Core/Src/usbh_core.o
                0x0800b562                USBH_RegisterClass
 .text.USBH_SelectInterface
                0x0800b5b6       0x38 ./Middlewares/ST/STM32_USB_Host_Library/Core/Src/usbh_core.o
                0x0800b5b6                USBH_SelectInterface
 .text.USBH_FindInterface
                0x0800b5ee       0x8c ./Middlewares/ST/STM32_USB_Host_Library/Core/Src/usbh_core.o
                0x0800b5ee                USBH_FindInterface
 .text.USBH_Start
                0x0800b67a       0x20 ./Middlewares/ST/STM32_USB_Host_Library/Core/Src/usbh_core.o
                0x0800b67a                USBH_Start
 *fill*         0x0800b69a        0x2 
 .text.USBH_Process
                0x0800b69c      0x4d4 ./Middlewares/ST/STM32_USB_Host_Library/Core/Src/usbh_core.o
                0x0800b69c                USBH_Process
 .text.USBH_HandleEnum
                0x0800bb70      0x450 ./Middlewares/ST/STM32_USB_Host_Library/Core/Src/usbh_core.o
 .text.USBH_LL_SetTimer
                0x0800bfc0       0x1e ./Middlewares/ST/STM32_USB_Host_Library/Core/Src/usbh_core.o
                0x0800bfc0                USBH_LL_SetTimer
 .text.USBH_LL_IncTimer
                0x0800bfde       0x24 ./Middlewares/ST/STM32_USB_Host_Library/Core/Src/usbh_core.o
                0x0800bfde                USBH_LL_IncTimer
 .text.USBH_HandleSof
                0x0800c002       0x30 ./Middlewares/ST/STM32_USB_Host_Library/Core/Src/usbh_core.o
 .text.USBH_LL_PortEnabled
                0x0800c032       0x34 ./Middlewares/ST/STM32_USB_Host_Library/Core/Src/usbh_core.o
                0x0800c032                USBH_LL_PortEnabled
 .text.USBH_LL_PortDisabled
                0x0800c066       0x1c ./Middlewares/ST/STM32_USB_Host_Library/Core/Src/usbh_core.o
                0x0800c066                USBH_LL_PortDisabled
 .text.USBH_LL_Connect
                0x0800c082       0x46 ./Middlewares/ST/STM32_USB_Host_Library/Core/Src/usbh_core.o
                0x0800c082                USBH_LL_Connect
 .text.USBH_LL_Disconnect
                0x0800c0c8       0x64 ./Middlewares/ST/STM32_USB_Host_Library/Core/Src/usbh_core.o
                0x0800c0c8                USBH_LL_Disconnect
 .text.USBH_Process_OS
                0x0800c12c       0x2a ./Middlewares/ST/STM32_USB_Host_Library/Core/Src/usbh_core.o
 .text.USBH_LL_NotifyURBChange
                0x0800c156       0x2e ./Middlewares/ST/STM32_USB_Host_Library/Core/Src/usbh_core.o
                0x0800c156                USBH_LL_NotifyURBChange
 .text.USBH_Get_DevDesc
                0x0800c184       0x58 ./Middlewares/ST/STM32_USB_Host_Library/Core/Src/usbh_ctlreq.o
                0x0800c184                USBH_Get_DevDesc
 .text.USBH_Get_CfgDesc
                0x0800c1dc       0x54 ./Middlewares/ST/STM32_USB_Host_Library/Core/Src/usbh_ctlreq.o
                0x0800c1dc                USBH_Get_CfgDesc
 .text.USBH_Get_StringDesc
                0x0800c230       0x68 ./Middlewares/ST/STM32_USB_Host_Library/Core/Src/usbh_ctlreq.o
                0x0800c230                USBH_Get_StringDesc
 .text.USBH_GetDescriptor
                0x0800c298       0x6a ./Middlewares/ST/STM32_USB_Host_Library/Core/Src/usbh_ctlreq.o
                0x0800c298                USBH_GetDescriptor
 .text.USBH_SetAddress
                0x0800c302       0x48 ./Middlewares/ST/STM32_USB_Host_Library/Core/Src/usbh_ctlreq.o
                0x0800c302                USBH_SetAddress
 .text.USBH_SetCfg
                0x0800c34a       0x46 ./Middlewares/ST/STM32_USB_Host_Library/Core/Src/usbh_ctlreq.o
                0x0800c34a                USBH_SetCfg
 .text.USBH_SetFeature
                0x0800c390       0x48 ./Middlewares/ST/STM32_USB_Host_Library/Core/Src/usbh_ctlreq.o
                0x0800c390                USBH_SetFeature
 .text.USBH_ClrFeature
                0x0800c3d8       0x48 ./Middlewares/ST/STM32_USB_Host_Library/Core/Src/usbh_ctlreq.o
                0x0800c3d8                USBH_ClrFeature
 .text.USBH_ParseDevDesc
                0x0800c420      0x160 ./Middlewares/ST/STM32_USB_Host_Library/Core/Src/usbh_ctlreq.o
 .text.USBH_ParseCfgDesc
                0x0800c580      0x1f0 ./Middlewares/ST/STM32_USB_Host_Library/Core/Src/usbh_ctlreq.o
 .text.USBH_ParseInterfaceDesc
                0x0800c770       0x68 ./Middlewares/ST/STM32_USB_Host_Library/Core/Src/usbh_ctlreq.o
 .text.USBH_ParseEPDesc
                0x0800c7d8      0x1d0 ./Middlewares/ST/STM32_USB_Host_Library/Core/Src/usbh_ctlreq.o
 .text.USBH_ParseStringDesc
                0x0800c9a8       0x66 ./Middlewares/ST/STM32_USB_Host_Library/Core/Src/usbh_ctlreq.o
 .text.USBH_GetNextDesc
                0x0800ca0e       0x34 ./Middlewares/ST/STM32_USB_Host_Library/Core/Src/usbh_ctlreq.o
                0x0800ca0e                USBH_GetNextDesc
 .text.USBH_CtlReq
                0x0800ca42       0xb2 ./Middlewares/ST/STM32_USB_Host_Library/Core/Src/usbh_ctlreq.o
                0x0800ca42                USBH_CtlReq
 .text.USBH_HandleControl
                0x0800caf4      0x490 ./Middlewares/ST/STM32_USB_Host_Library/Core/Src/usbh_ctlreq.o
 .text.USBH_CtlSendSetup
                0x0800cf84       0x34 ./Middlewares/ST/STM32_USB_Host_Library/Core/Src/usbh_ioreq.o
                0x0800cf84                USBH_CtlSendSetup
 .text.USBH_CtlSendData
                0x0800cfb8       0x4a ./Middlewares/ST/STM32_USB_Host_Library/Core/Src/usbh_ioreq.o
                0x0800cfb8                USBH_CtlSendData
 .text.USBH_CtlReceiveData
                0x0800d002       0x3c ./Middlewares/ST/STM32_USB_Host_Library/Core/Src/usbh_ioreq.o
                0x0800d002                USBH_CtlReceiveData
 .text.USBH_BulkSendData
                0x0800d03e       0x4a ./Middlewares/ST/STM32_USB_Host_Library/Core/Src/usbh_ioreq.o
                0x0800d03e                USBH_BulkSendData
 .text.USBH_BulkReceiveData
                0x0800d088       0x3c ./Middlewares/ST/STM32_USB_Host_Library/Core/Src/usbh_ioreq.o
                0x0800d088                USBH_BulkReceiveData
 .text.USBH_OpenPipe
                0x0800d0c4       0x3e ./Middlewares/ST/STM32_USB_Host_Library/Core/Src/usbh_pipes.o
                0x0800d0c4                USBH_OpenPipe
 .text.USBH_ClosePipe
                0x0800d102       0x20 ./Middlewares/ST/STM32_USB_Host_Library/Core/Src/usbh_pipes.o
                0x0800d102                USBH_ClosePipe
 .text.USBH_AllocPipe
                0x0800d122       0x42 ./Middlewares/ST/STM32_USB_Host_Library/Core/Src/usbh_pipes.o
                0x0800d122                USBH_AllocPipe
 .text.USBH_FreePipe
                0x0800d164       0x3c ./Middlewares/ST/STM32_USB_Host_Library/Core/Src/usbh_pipes.o
                0x0800d164                USBH_FreePipe
 .text.USBH_GetFreePipe
                0x0800d1a0       0x48 ./Middlewares/ST/STM32_USB_Host_Library/Core/Src/usbh_pipes.o
 .text.makeFreeRtosPriority
                0x0800d1e8       0x30 ./Middlewares/Third_Party/FreeRTOS/Source/CMSIS_RTOS/cmsis_os.o
 .text.inHandlerMode
                0x0800d218       0x24 ./Middlewares/Third_Party/FreeRTOS/Source/CMSIS_RTOS/cmsis_os.o
 .text.osKernelStart
                0x0800d23c        0xe ./Middlewares/Third_Party/FreeRTOS/Source/CMSIS_RTOS/cmsis_os.o
                0x0800d23c                osKernelStart
 .text.osThreadCreate
                0x0800d24a       0x98 ./Middlewares/Third_Party/FreeRTOS/Source/CMSIS_RTOS/cmsis_os.o
                0x0800d24a                osThreadCreate
 .text.osDelay  0x0800d2e2       0x28 ./Middlewares/Third_Party/FreeRTOS/Source/CMSIS_RTOS/cmsis_os.o
                0x0800d2e2                osDelay
 .text.osMessageCreate
                0x0800d30a       0x50 ./Middlewares/Third_Party/FreeRTOS/Source/CMSIS_RTOS/cmsis_os.o
                0x0800d30a                osMessageCreate
 *fill*         0x0800d35a        0x2 
 .text.osMessagePut
                0x0800d35c       0x80 ./Middlewares/Third_Party/FreeRTOS/Source/CMSIS_RTOS/cmsis_os.o
                0x0800d35c                osMessagePut
 .text.osMessageGet
                0x0800d3dc       0xe8 ./Middlewares/Third_Party/FreeRTOS/Source/CMSIS_RTOS/cmsis_os.o
                0x0800d3dc                osMessageGet
 .text.vListInitialise
                0x0800d4c4       0x40 ./Middlewares/Third_Party/FreeRTOS/Source/list.o
                0x0800d4c4                vListInitialise
 .text.vListInitialiseItem
                0x0800d504       0x1a ./Middlewares/Third_Party/FreeRTOS/Source/list.o
                0x0800d504                vListInitialiseItem
 .text.vListInsertEnd
                0x0800d51e       0x48 ./Middlewares/Third_Party/FreeRTOS/Source/list.o
                0x0800d51e                vListInsertEnd
 .text.vListInsert
                0x0800d566       0x72 ./Middlewares/Third_Party/FreeRTOS/Source/list.o
                0x0800d566                vListInsert
 .text.uxListRemove
                0x0800d5d8       0x54 ./Middlewares/Third_Party/FreeRTOS/Source/list.o
                0x0800d5d8                uxListRemove
 .text.xQueueGenericReset
                0x0800d62c       0xd4 ./Middlewares/Third_Party/FreeRTOS/Source/queue.o
                0x0800d62c                xQueueGenericReset
 .text.xQueueGenericCreateStatic
                0x0800d700       0xfa ./Middlewares/Third_Party/FreeRTOS/Source/queue.o
                0x0800d700                xQueueGenericCreateStatic
 .text.xQueueGenericCreate
                0x0800d7fa       0x76 ./Middlewares/Third_Party/FreeRTOS/Source/queue.o
                0x0800d7fa                xQueueGenericCreate
 .text.prvInitialiseNewQueue
                0x0800d870       0x3e ./Middlewares/Third_Party/FreeRTOS/Source/queue.o
 *fill*         0x0800d8ae        0x2 
 .text.xQueueGenericSend
                0x0800d8b0      0x204 ./Middlewares/Third_Party/FreeRTOS/Source/queue.o
                0x0800d8b0                xQueueGenericSend
 .text.xQueueGenericSendFromISR
                0x0800dab4      0x13c ./Middlewares/Third_Party/FreeRTOS/Source/queue.o
                0x0800dab4                xQueueGenericSendFromISR
 .text.xQueueReceive
                0x0800dbf0      0x1c4 ./Middlewares/Third_Party/FreeRTOS/Source/queue.o
                0x0800dbf0                xQueueReceive
 .text.xQueueReceiveFromISR
                0x0800ddb4      0x104 ./Middlewares/Third_Party/FreeRTOS/Source/queue.o
                0x0800ddb4                xQueueReceiveFromISR
 .text.prvCopyDataToQueue
                0x0800deb8       0xd4 ./Middlewares/Third_Party/FreeRTOS/Source/queue.o
 .text.prvCopyDataFromQueue
                0x0800df8c       0x4c ./Middlewares/Third_Party/FreeRTOS/Source/queue.o
 .text.prvUnlockQueue
                0x0800dfd8       0xa4 ./Middlewares/Third_Party/FreeRTOS/Source/queue.o
 .text.prvIsQueueEmpty
                0x0800e07c       0x2c ./Middlewares/Third_Party/FreeRTOS/Source/queue.o
 .text.prvIsQueueFull
                0x0800e0a8       0x30 ./Middlewares/Third_Party/FreeRTOS/Source/queue.o
 .text.xTaskCreateStatic
                0x0800e0d8       0xc0 ./Middlewares/Third_Party/FreeRTOS/Source/tasks.o
                0x0800e0d8                xTaskCreateStatic
 .text.xTaskCreate
                0x0800e198       0x8a ./Middlewares/Third_Party/FreeRTOS/Source/tasks.o
                0x0800e198                xTaskCreate
 .text.prvInitialiseNewTask
                0x0800e222      0x126 ./Middlewares/Third_Party/FreeRTOS/Source/tasks.o
 .text.prvAddNewTaskToReadyList
                0x0800e348       0xd4 ./Middlewares/Third_Party/FreeRTOS/Source/tasks.o
 .text.vTaskDelay
                0x0800e41c       0x6c ./Middlewares/Third_Party/FreeRTOS/Source/tasks.o
                0x0800e41c                vTaskDelay
 .text.vTaskStartScheduler
                0x0800e488       0xc4 ./Middlewares/Third_Party/FreeRTOS/Source/tasks.o
                0x0800e488                vTaskStartScheduler
 .text.vTaskSuspendAll
                0x0800e54c       0x1c ./Middlewares/Third_Party/FreeRTOS/Source/tasks.o
                0x0800e54c                vTaskSuspendAll
 .text.xTaskResumeAll
                0x0800e568      0x13c ./Middlewares/Third_Party/FreeRTOS/Source/tasks.o
                0x0800e568                xTaskResumeAll
 .text.xTaskIncrementTick
                0x0800e6a4      0x174 ./Middlewares/Third_Party/FreeRTOS/Source/tasks.o
                0x0800e6a4                xTaskIncrementTick
 .text.vTaskSwitchContext
                0x0800e818      0x104 ./Middlewares/Third_Party/FreeRTOS/Source/tasks.o
                0x0800e818                vTaskSwitchContext
 .text.vTaskPlaceOnEventList
                0x0800e91c       0x4c ./Middlewares/Third_Party/FreeRTOS/Source/tasks.o
                0x0800e91c                vTaskPlaceOnEventList
 .text.xTaskRemoveFromEventList
                0x0800e968       0xc8 ./Middlewares/Third_Party/FreeRTOS/Source/tasks.o
                0x0800e968                xTaskRemoveFromEventList
 .text.vTaskInternalSetTimeOutState
                0x0800ea30       0x2c ./Middlewares/Third_Party/FreeRTOS/Source/tasks.o
                0x0800ea30                vTaskInternalSetTimeOutState
 .text.xTaskCheckForTimeOut
                0x0800ea5c       0xc8 ./Middlewares/Third_Party/FreeRTOS/Source/tasks.o
                0x0800ea5c                xTaskCheckForTimeOut
 .text.vTaskMissedYield
                0x0800eb24       0x18 ./Middlewares/Third_Party/FreeRTOS/Source/tasks.o
                0x0800eb24                vTaskMissedYield
 .text.prvIdleTask
                0x0800eb3c       0x34 ./Middlewares/Third_Party/FreeRTOS/Source/tasks.o
 .text.prvInitialiseTaskLists
                0x0800eb70       0x80 ./Middlewares/Third_Party/FreeRTOS/Source/tasks.o
 .text.prvCheckTasksWaitingTermination
                0x0800ebf0       0x5c ./Middlewares/Third_Party/FreeRTOS/Source/tasks.o
 .text.prvDeleteTCB
                0x0800ec4c       0x60 ./Middlewares/Third_Party/FreeRTOS/Source/tasks.o
 .text.prvResetNextTaskUnblockTime
                0x0800ecac       0x40 ./Middlewares/Third_Party/FreeRTOS/Source/tasks.o
 .text.xTaskGetSchedulerState
                0x0800ecec       0x3c ./Middlewares/Third_Party/FreeRTOS/Source/tasks.o
                0x0800ecec                xTaskGetSchedulerState
 .text.xTaskPriorityDisinherit
                0x0800ed28      0x110 ./Middlewares/Third_Party/FreeRTOS/Source/tasks.o
                0x0800ed28                xTaskPriorityDisinherit
 .text.prvAddCurrentTaskToDelayedList
                0x0800ee38       0xcc ./Middlewares/Third_Party/FreeRTOS/Source/tasks.o
 .text.pxPortInitialiseStack
                0x0800ef04       0x68 ./Middlewares/Third_Party/FreeRTOS/Source/portable/GCC/ARM_CM4F/port.o
                0x0800ef04                pxPortInitialiseStack
 .text.prvTaskExitError
                0x0800ef6c       0x5c ./Middlewares/Third_Party/FreeRTOS/Source/portable/GCC/ARM_CM4F/port.o
 *fill*         0x0800efc8        0x8 
 .text.SVC_Handler
                0x0800efd0       0x28 ./Middlewares/Third_Party/FreeRTOS/Source/portable/GCC/ARM_CM4F/port.o
                0x0800efd0                SVC_Handler
 .text.prvPortStartFirstTask
                0x0800eff8       0x28 ./Middlewares/Third_Party/FreeRTOS/Source/portable/GCC/ARM_CM4F/port.o
 .text.xPortStartScheduler
                0x0800f020      0x148 ./Middlewares/Third_Party/FreeRTOS/Source/portable/GCC/ARM_CM4F/port.o
                0x0800f020                xPortStartScheduler
 .text.vPortEnterCritical
                0x0800f168       0x64 ./Middlewares/Third_Party/FreeRTOS/Source/portable/GCC/ARM_CM4F/port.o
                0x0800f168                vPortEnterCritical
 .text.vPortExitCritical
                0x0800f1cc       0x54 ./Middlewares/Third_Party/FreeRTOS/Source/portable/GCC/ARM_CM4F/port.o
                0x0800f1cc                vPortExitCritical
 .text.PendSV_Handler
                0x0800f220       0x68 ./Middlewares/Third_Party/FreeRTOS/Source/portable/GCC/ARM_CM4F/port.o
                0x0800f220                PendSV_Handler
 .text.SysTick_Handler
                0x0800f288       0x44 ./Middlewares/Third_Party/FreeRTOS/Source/portable/GCC/ARM_CM4F/port.o
                0x0800f288                SysTick_Handler
 .text.vPortSetupTimerInterrupt
                0x0800f2cc       0x48 ./Middlewares/Third_Party/FreeRTOS/Source/portable/GCC/ARM_CM4F/port.o
                0x0800f2cc                vPortSetupTimerInterrupt
 .text.vPortEnableVFP
                0x0800f314       0x14 ./Middlewares/Third_Party/FreeRTOS/Source/portable/GCC/ARM_CM4F/port.o
 .text.vPortValidateInterruptPriority
                0x0800f328       0x84 ./Middlewares/Third_Party/FreeRTOS/Source/portable/GCC/ARM_CM4F/port.o
                0x0800f328                vPortValidateInterruptPriority
 .text.pvPortMalloc
                0x0800f3ac      0x1a8 ./Middlewares/Third_Party/FreeRTOS/Source/portable/MemMang/heap_4.o
                0x0800f3ac                pvPortMalloc
 .text.vPortFree
                0x0800f554       0xc8 ./Middlewares/Third_Party/FreeRTOS/Source/portable/MemMang/heap_4.o
                0x0800f554                vPortFree
 .text.prvHeapInit
                0x0800f61c       0xc4 ./Middlewares/Third_Party/FreeRTOS/Source/portable/MemMang/heap_4.o
 .text.prvInsertBlockIntoFreeList
                0x0800f6e0       0xb4 ./Middlewares/Third_Party/FreeRTOS/Source/portable/MemMang/heap_4.o
 .text.MX_USB_HOST_Init
                0x0800f794       0x4c ./USB_HOST/App/usb_host.o
                0x0800f794                MX_USB_HOST_Init
 .text.USBH_UserProcess
                0x0800f7e0       0x5c ./USB_HOST/App/usb_host.o
 .text.HAL_HCD_MspInit
                0x0800f83c       0xbc ./USB_HOST/Target/usbh_conf.o
                0x0800f83c                HAL_HCD_MspInit
 .text.HAL_HCD_SOF_Callback
                0x0800f8f8       0x1c ./USB_HOST/Target/usbh_conf.o
                0x0800f8f8                HAL_HCD_SOF_Callback
 .text.HAL_HCD_Connect_Callback
                0x0800f914       0x1c ./USB_HOST/Target/usbh_conf.o
                0x0800f914                HAL_HCD_Connect_Callback
 .text.HAL_HCD_Disconnect_Callback
                0x0800f930       0x1c ./USB_HOST/Target/usbh_conf.o
                0x0800f930                HAL_HCD_Disconnect_Callback
 .text.HAL_HCD_HC_NotifyURBChange_Callback
                0x0800f94c       0x24 ./USB_HOST/Target/usbh_conf.o
                0x0800f94c                HAL_HCD_HC_NotifyURBChange_Callback
 .text.HAL_HCD_PortEnabled_Callback
                0x0800f970       0x1c ./USB_HOST/Target/usbh_conf.o
                0x0800f970                HAL_HCD_PortEnabled_Callback
 .text.HAL_HCD_PortDisabled_Callback
                0x0800f98c       0x1c ./USB_HOST/Target/usbh_conf.o
                0x0800f98c                HAL_HCD_PortDisabled_Callback
 .text.USBH_LL_Init
                0x0800f9a8       0x8c ./USB_HOST/Target/usbh_conf.o
                0x0800f9a8                USBH_LL_Init
 .text.USBH_LL_Start
                0x0800fa34       0x36 ./USB_HOST/Target/usbh_conf.o
                0x0800fa34                USBH_LL_Start
 .text.USBH_LL_Stop
                0x0800fa6a       0x36 ./USB_HOST/Target/usbh_conf.o
                0x0800fa6a                USBH_LL_Stop
 .text.USBH_LL_GetSpeed
                0x0800faa0       0x4e ./USB_HOST/Target/usbh_conf.o
                0x0800faa0                USBH_LL_GetSpeed
 .text.USBH_LL_ResetPort
                0x0800faee       0x36 ./USB_HOST/Target/usbh_conf.o
                0x0800faee                USBH_LL_ResetPort
 .text.USBH_LL_GetLastXferSize
                0x0800fb24       0x26 ./USB_HOST/Target/usbh_conf.o
                0x0800fb24                USBH_LL_GetLastXferSize
 .text.USBH_LL_OpenPipe
                0x0800fb4a       0x5e ./USB_HOST/Target/usbh_conf.o
                0x0800fb4a                USBH_LL_OpenPipe
 .text.USBH_LL_ClosePipe
                0x0800fba8       0x3e ./USB_HOST/Target/usbh_conf.o
                0x0800fba8                USBH_LL_ClosePipe
 .text.USBH_LL_SubmitURB
                0x0800fbe6       0x62 ./USB_HOST/Target/usbh_conf.o
                0x0800fbe6                USBH_LL_SubmitURB
 .text.USBH_LL_GetURBState
                0x0800fc48       0x26 ./USB_HOST/Target/usbh_conf.o
                0x0800fc48                USBH_LL_GetURBState
 .text.USBH_LL_DriverVBUS
                0x0800fc6e       0x2e ./USB_HOST/Target/usbh_conf.o
                0x0800fc6e                USBH_LL_DriverVBUS
 .text.USBH_LL_SetToggle
                0x0800fc9c       0x66 ./USB_HOST/Target/usbh_conf.o
                0x0800fc9c                USBH_LL_SetToggle
 .text.USBH_Delay
                0x0800fd02       0x16 ./USB_HOST/Target/usbh_conf.o
                0x0800fd02                USBH_Delay
 .text.USBH_Get_USB_Status
                0x0800fd18       0x58 ./USB_HOST/Target/usbh_conf.o
                0x0800fd18                USBH_Get_USB_Status
 .text.MX_DriverVbusHS
                0x0800fd70       0x38 ./USB_HOST/Target/usbh_platform.o
                0x0800fd70                MX_DriverVbusHS
 .text.malloc   0x0800fda8       0x10 C:/ST/STM32CubeIDE_1.15.1/STM32CubeIDE/plugins/com.st.stm32cube.ide.mcu.externaltools.gnu-tools-for-stm32.13.3.rel1.win32_1.0.0.202411081344/tools/bin/../lib/gcc/arm-none-eabi/13.3.1/../../../../arm-none-eabi/lib/thumb/v7e-m+fp/hard\libc_nano.a(libc_a-malloc.o)
                0x0800fda8                malloc
 .text.free     0x0800fdb8       0x10 C:/ST/STM32CubeIDE_1.15.1/STM32CubeIDE/plugins/com.st.stm32cube.ide.mcu.externaltools.gnu-tools-for-stm32.13.3.rel1.win32_1.0.0.202411081344/tools/bin/../lib/gcc/arm-none-eabi/13.3.1/../../../../arm-none-eabi/lib/thumb/v7e-m+fp/hard\libc_nano.a(libc_a-malloc.o)
                0x0800fdb8                free
 .text.sbrk_aligned
                0x0800fdc8       0x44 C:/ST/STM32CubeIDE_1.15.1/STM32CubeIDE/plugins/com.st.stm32cube.ide.mcu.externaltools.gnu-tools-for-stm32.13.3.rel1.win32_1.0.0.202411081344/tools/bin/../lib/gcc/arm-none-eabi/13.3.1/../../../../arm-none-eabi/lib/thumb/v7e-m+fp/hard\libc_nano.a(libc_a-mallocr.o)
 .text._malloc_r
                0x0800fe0c      0x100 C:/ST/STM32CubeIDE_1.15.1/STM32CubeIDE/plugins/com.st.stm32cube.ide.mcu.externaltools.gnu-tools-for-stm32.13.3.rel1.win32_1.0.0.202411081344/tools/bin/../lib/gcc/arm-none-eabi/13.3.1/../../../../arm-none-eabi/lib/thumb/v7e-m+fp/hard\libc_nano.a(libc_a-mallocr.o)
                0x0800fe0c                _malloc_r
 .text.__malloc_lock
                0x0800ff0c        0xc C:/ST/STM32CubeIDE_1.15.1/STM32CubeIDE/plugins/com.st.stm32cube.ide.mcu.externaltools.gnu-tools-for-stm32.13.3.rel1.win32_1.0.0.202411081344/tools/bin/../lib/gcc/arm-none-eabi/13.3.1/../../../../arm-none-eabi/lib/thumb/v7e-m+fp/hard\libc_nano.a(libc_a-mlock.o)
                0x0800ff0c                __malloc_lock
 .text.__malloc_unlock
                0x0800ff18        0xc C:/ST/STM32CubeIDE_1.15.1/STM32CubeIDE/plugins/com.st.stm32cube.ide.mcu.externaltools.gnu-tools-for-stm32.13.3.rel1.win32_1.0.0.202411081344/tools/bin/../lib/gcc/arm-none-eabi/13.3.1/../../../../arm-none-eabi/lib/thumb/v7e-m+fp/hard\libc_nano.a(libc_a-mlock.o)
                0x0800ff18                __malloc_unlock
 .text.sprintf  0x0800ff24       0x44 C:/ST/STM32CubeIDE_1.15.1/STM32CubeIDE/plugins/com.st.stm32cube.ide.mcu.externaltools.gnu-tools-for-stm32.13.3.rel1.win32_1.0.0.202411081344/tools/bin/../lib/gcc/arm-none-eabi/13.3.1/../../../../arm-none-eabi/lib/thumb/v7e-m+fp/hard\libc_nano.a(libc_a-sprintf.o)
                0x0800ff24                siprintf
                0x0800ff24                sprintf
 .text.memset   0x0800ff68       0x10 C:/ST/STM32CubeIDE_1.15.1/STM32CubeIDE/plugins/com.st.stm32cube.ide.mcu.externaltools.gnu-tools-for-stm32.13.3.rel1.win32_1.0.0.202411081344/tools/bin/../lib/gcc/arm-none-eabi/13.3.1/../../../../arm-none-eabi/lib/thumb/v7e-m+fp/hard\libc_nano.a(libc_a-memset.o)
                0x0800ff68                memset
 .text._sbrk_r  0x0800ff78       0x20 C:/ST/STM32CubeIDE_1.15.1/STM32CubeIDE/plugins/com.st.stm32cube.ide.mcu.externaltools.gnu-tools-for-stm32.13.3.rel1.win32_1.0.0.202411081344/tools/bin/../lib/gcc/arm-none-eabi/13.3.1/../../../../arm-none-eabi/lib/thumb/v7e-m+fp/hard\libc_nano.a(libc_a-sbrkr.o)
                0x0800ff78                _sbrk_r
 .text.__errno  0x0800ff98        0xc C:/ST/STM32CubeIDE_1.15.1/STM32CubeIDE/plugins/com.st.stm32cube.ide.mcu.externaltools.gnu-tools-for-stm32.13.3.rel1.win32_1.0.0.202411081344/tools/bin/../lib/gcc/arm-none-eabi/13.3.1/../../../../arm-none-eabi/lib/thumb/v7e-m+fp/hard\libc_nano.a(libc_a-errno.o)
                0x0800ff98                __errno
 .text.__libc_init_array
                0x0800ffa4       0x48 C:/ST/STM32CubeIDE_1.15.1/STM32CubeIDE/plugins/com.st.stm32cube.ide.mcu.externaltools.gnu-tools-for-stm32.13.3.rel1.win32_1.0.0.202411081344/tools/bin/../lib/gcc/arm-none-eabi/13.3.1/../../../../arm-none-eabi/lib/thumb/v7e-m+fp/hard\libc_nano.a(libc_a-init.o)
                0x0800ffa4                __libc_init_array
 .text.__retarget_lock_acquire_recursive
                0x0800ffec        0x2 C:/ST/STM32CubeIDE_1.15.1/STM32CubeIDE/plugins/com.st.stm32cube.ide.mcu.externaltools.gnu-tools-for-stm32.13.3.rel1.win32_1.0.0.202411081344/tools/bin/../lib/gcc/arm-none-eabi/13.3.1/../../../../arm-none-eabi/lib/thumb/v7e-m+fp/hard\libc_nano.a(libc_a-lock.o)
                0x0800ffec                __retarget_lock_acquire_recursive
 .text.__retarget_lock_release_recursive
                0x0800ffee        0x2 C:/ST/STM32CubeIDE_1.15.1/STM32CubeIDE/plugins/com.st.stm32cube.ide.mcu.externaltools.gnu-tools-for-stm32.13.3.rel1.win32_1.0.0.202411081344/tools/bin/../lib/gcc/arm-none-eabi/13.3.1/../../../../arm-none-eabi/lib/thumb/v7e-m+fp/hard\libc_nano.a(libc_a-lock.o)
                0x0800ffee                __retarget_lock_release_recursive
 .text.memcpy   0x0800fff0       0x1c C:/ST/STM32CubeIDE_1.15.1/STM32CubeIDE/plugins/com.st.stm32cube.ide.mcu.externaltools.gnu-tools-for-stm32.13.3.rel1.win32_1.0.0.202411081344/tools/bin/../lib/gcc/arm-none-eabi/13.3.1/../../../../arm-none-eabi/lib/thumb/v7e-m+fp/hard\libc_nano.a(libc_a-memcpy-stub.o)
                0x0800fff0                memcpy
 .text._free_r  0x0801000c       0x94 C:/ST/STM32CubeIDE_1.15.1/STM32CubeIDE/plugins/com.st.stm32cube.ide.mcu.externaltools.gnu-tools-for-stm32.13.3.rel1.win32_1.0.0.202411081344/tools/bin/../lib/gcc/arm-none-eabi/13.3.1/../../../../arm-none-eabi/lib/thumb/v7e-m+fp/hard\libc_nano.a(libc_a-freer.o)
                0x0801000c                _free_r
 .text.__ssputs_r
                0x080100a0       0xb6 C:/ST/STM32CubeIDE_1.15.1/STM32CubeIDE/plugins/com.st.stm32cube.ide.mcu.externaltools.gnu-tools-for-stm32.13.3.rel1.win32_1.0.0.202411081344/tools/bin/../lib/gcc/arm-none-eabi/13.3.1/../../../../arm-none-eabi/lib/thumb/v7e-m+fp/hard\libc_nano.a(libc_a-nano-svfprintf.o)
                0x080100a0                __ssputs_r
 *fill*         0x08010156        0x2 
 .text._svfprintf_r
                0x08010158      0x1f8 C:/ST/STM32CubeIDE_1.15.1/STM32CubeIDE/plugins/com.st.stm32cube.ide.mcu.externaltools.gnu-tools-for-stm32.13.3.rel1.win32_1.0.0.202411081344/tools/bin/../lib/gcc/arm-none-eabi/13.3.1/../../../../arm-none-eabi/lib/thumb/v7e-m+fp/hard\libc_nano.a(libc_a-nano-svfprintf.o)
                0x08010158                _svfiprintf_r
                0x08010158                _svfprintf_r
 .text._printf_common
                0x08010350       0xda C:/ST/STM32CubeIDE_1.15.1/STM32CubeIDE/plugins/com.st.stm32cube.ide.mcu.externaltools.gnu-tools-for-stm32.13.3.rel1.win32_1.0.0.202411081344/tools/bin/../lib/gcc/arm-none-eabi/13.3.1/../../../../arm-none-eabi/lib/thumb/v7e-m+fp/hard\libc_nano.a(libc_a-nano-vfprintf_i.o)
                0x08010350                _printf_common
 *fill*         0x0801042a        0x2 
 .text._printf_i
                0x0801042c      0x23c C:/ST/STM32CubeIDE_1.15.1/STM32CubeIDE/plugins/com.st.stm32cube.ide.mcu.externaltools.gnu-tools-for-stm32.13.3.rel1.win32_1.0.0.202411081344/tools/bin/../lib/gcc/arm-none-eabi/13.3.1/../../../../arm-none-eabi/lib/thumb/v7e-m+fp/hard\libc_nano.a(libc_a-nano-vfprintf_i.o)
                0x0801042c                _printf_i
 .text.memmove  0x08010668       0x34 C:/ST/STM32CubeIDE_1.15.1/STM32CubeIDE/plugins/com.st.stm32cube.ide.mcu.externaltools.gnu-tools-for-stm32.13.3.rel1.win32_1.0.0.202411081344/tools/bin/../lib/gcc/arm-none-eabi/13.3.1/../../../../arm-none-eabi/lib/thumb/v7e-m+fp/hard\libc_nano.a(libc_a-memmove.o)
                0x08010668                memmove
 .text._realloc_r
                0x0801069c       0x5c C:/ST/STM32CubeIDE_1.15.1/STM32CubeIDE/plugins/com.st.stm32cube.ide.mcu.externaltools.gnu-tools-for-stm32.13.3.rel1.win32_1.0.0.202411081344/tools/bin/../lib/gcc/arm-none-eabi/13.3.1/../../../../arm-none-eabi/lib/thumb/v7e-m+fp/hard\libc_nano.a(libc_a-reallocr.o)
                0x0801069c                _realloc_r
 .text._malloc_usable_size_r
                0x080106f8       0x10 C:/ST/STM32CubeIDE_1.15.1/STM32CubeIDE/plugins/com.st.stm32cube.ide.mcu.externaltools.gnu-tools-for-stm32.13.3.rel1.win32_1.0.0.202411081344/tools/bin/../lib/gcc/arm-none-eabi/13.3.1/../../../../arm-none-eabi/lib/thumb/v7e-m+fp/hard\libc_nano.a(libc_a-msizer.o)
                0x080106f8                _malloc_usable_size_r
 *(.glue_7)
 .glue_7        0x08010708        0x0 linker stubs
 *(.glue_7t)
 .glue_7t       0x08010708        0x0 linker stubs
 *(.eh_frame)
 .eh_frame      0x08010708        0x0 C:/ST/STM32CubeIDE_1.15.1/STM32CubeIDE/plugins/com.st.stm32cube.ide.mcu.externaltools.gnu-tools-for-stm32.13.3.rel1.win32_1.0.0.202411081344/tools/bin/../lib/gcc/arm-none-eabi/13.3.1/thumb/v7e-m+fp/hard/crtbegin.o
 *(.init)
 .init          0x08010708        0x4 C:/ST/STM32CubeIDE_1.15.1/STM32CubeIDE/plugins/com.st.stm32cube.ide.mcu.externaltools.gnu-tools-for-stm32.13.3.rel1.win32_1.0.0.202411081344/tools/bin/../lib/gcc/arm-none-eabi/13.3.1/thumb/v7e-m+fp/hard/crti.o
                0x08010708                _init
 .init          0x0801070c        0x8 C:/ST/STM32CubeIDE_1.15.1/STM32CubeIDE/plugins/com.st.stm32cube.ide.mcu.externaltools.gnu-tools-for-stm32.13.3.rel1.win32_1.0.0.202411081344/tools/bin/../lib/gcc/arm-none-eabi/13.3.1/thumb/v7e-m+fp/hard/crtn.o
 *(.fini)
 .fini          0x08010714        0x4 C:/ST/STM32CubeIDE_1.15.1/STM32CubeIDE/plugins/com.st.stm32cube.ide.mcu.externaltools.gnu-tools-for-stm32.13.3.rel1.win32_1.0.0.202411081344/tools/bin/../lib/gcc/arm-none-eabi/13.3.1/thumb/v7e-m+fp/hard/crti.o
                0x08010714                _fini
 .fini          0x08010718        0x8 C:/ST/STM32CubeIDE_1.15.1/STM32CubeIDE/plugins/com.st.stm32cube.ide.mcu.externaltools.gnu-tools-for-stm32.13.3.rel1.win32_1.0.0.202411081344/tools/bin/../lib/gcc/arm-none-eabi/13.3.1/thumb/v7e-m+fp/hard/crtn.o
                0x08010720                        . = ALIGN (0x4)
                0x08010720                        _etext = .

.vfp11_veneer   0x08010720        0x0
 .vfp11_veneer  0x08010720        0x0 linker stubs

.v4_bx          0x08010720        0x0
 .v4_bx         0x08010720        0x0 linker stubs

.iplt           0x08010720        0x0
 .iplt          0x08010720        0x0 C:/ST/STM32CubeIDE_1.15.1/STM32CubeIDE/plugins/com.st.stm32cube.ide.mcu.externaltools.gnu-tools-for-stm32.13.3.rel1.win32_1.0.0.202411081344/tools/bin/../lib/gcc/arm-none-eabi/13.3.1/thumb/v7e-m+fp/hard/crtbegin.o

.rodata         0x08010720      0xe64
                0x08010720                        . = ALIGN (0x4)
 *(.rodata)
 .rodata        0x08010720       0x78 ./Core/Src/main.o
 .rodata        0x08010798        0x4 ./Middlewares/ST/STM32_USB_Host_Library/Class/CDC/Src/usbh_cdc.o
 .rodata        0x0801079c       0x38 ./Middlewares/ST/STM32_USB_Host_Library/Core/Src/usbh_core.o
 .rodata        0x080107d4        0x5 ./Middlewares/Third_Party/FreeRTOS/Source/tasks.o
 *(.rodata*)
 *fill*         0x080107d9        0x3 
 .rodata.Font11x18
                0x080107dc      0xd5c ./Core/Src/fonts.o
                0x080107dc                Font11x18
 .rodata.AHBPrescTable
                0x08011538       0x10 ./Core/Src/system_stm32f4xx.o
                0x08011538                AHBPrescTable
 .rodata.APBPrescTable
                0x08011548        0x8 ./Core/Src/system_stm32f4xx.o
                0x08011548                APBPrescTable
 .rodata._svfprintf_r.str1.1
                0x08011550       0x33 C:/ST/STM32CubeIDE_1.15.1/STM32CubeIDE/plugins/com.st.stm32cube.ide.mcu.externaltools.gnu-tools-for-stm32.13.3.rel1.win32_1.0.0.202411081344/tools/bin/../lib/gcc/arm-none-eabi/13.3.1/../../../../arm-none-eabi/lib/thumb/v7e-m+fp/hard\libc_nano.a(libc_a-nano-svfprintf.o)
                                 0x11 (size before relaxing)
 .rodata._printf_i.str1.1
                0x08011583       0x22 C:/ST/STM32CubeIDE_1.15.1/STM32CubeIDE/plugins/com.st.stm32cube.ide.mcu.externaltools.gnu-tools-for-stm32.13.3.rel1.win32_1.0.0.202411081344/tools/bin/../lib/gcc/arm-none-eabi/13.3.1/../../../../arm-none-eabi/lib/thumb/v7e-m+fp/hard\libc_nano.a(libc_a-nano-vfprintf_i.o)
                0x080115a8                        . = ALIGN (0x4)
 *fill*         0x08011583        0x1 

.ARM.extab      0x08011584        0x0
                0x08011584                        . = ALIGN (0x4)
 *(.ARM.extab* .gnu.linkonce.armextab.*)
                0x08011584                        . = ALIGN (0x4)

.ARM            0x08011584        0x8
                0x08011584                        . = ALIGN (0x4)
                0x08011584                        __exidx_start = .
 *(.ARM.exidx*)
 .ARM.exidx     0x08011584        0x8 C:/ST/STM32CubeIDE_1.15.1/STM32CubeIDE/plugins/com.st.stm32cube.ide.mcu.externaltools.gnu-tools-for-stm32.13.3.rel1.win32_1.0.0.202411081344/tools/bin/../lib/gcc/arm-none-eabi/13.3.1/../../../../arm-none-eabi/lib/thumb/v7e-m+fp/hard\libc_nano.a(libc_a-strlen.o)
 .ARM.exidx     0x0801158c        0x0 C:/ST/STM32CubeIDE_1.15.1/STM32CubeIDE/plugins/com.st.stm32cube.ide.mcu.externaltools.gnu-tools-for-stm32.13.3.rel1.win32_1.0.0.202411081344/tools/bin/../lib/gcc/arm-none-eabi/13.3.1/../../../../arm-none-eabi/lib/thumb/v7e-m+fp/hard\libc_nano.a(libc_a-memchr.o)
                                  0x8 (size before relaxing)
 .ARM.exidx     0x0801158c        0x0 C:/ST/STM32CubeIDE_1.15.1/STM32CubeIDE/plugins/com.st.stm32cube.ide.mcu.externaltools.gnu-tools-for-stm32.13.3.rel1.win32_1.0.0.202411081344/tools/bin/../lib/gcc/arm-none-eabi/13.3.1/thumb/v7e-m+fp/hard\libgcc.a(_udivmoddi4.o)
                                  0x8 (size before relaxing)
                0x0801158c                        __exidx_end = .
                0x0801158c                        . = ALIGN (0x4)

.preinit_array  0x0801158c        0x0
                0x0801158c                        . = ALIGN (0x4)
                0x0801158c                        PROVIDE (__preinit_array_start = .)
 *(.preinit_array*)
                0x0801158c                        PROVIDE (__preinit_array_end = .)
                0x0801158c                        . = ALIGN (0x4)

.init_array     0x0801158c        0x4
                0x0801158c                        . = ALIGN (0x4)
                0x0801158c                        PROVIDE (__init_array_start = .)
 *(SORT_BY_NAME(.init_array.*))
 *(.init_array*)
 .init_array    0x0801158c        0x4 C:/ST/STM32CubeIDE_1.15.1/STM32CubeIDE/plugins/com.st.stm32cube.ide.mcu.externaltools.gnu-tools-for-stm32.13.3.rel1.win32_1.0.0.202411081344/tools/bin/../lib/gcc/arm-none-eabi/13.3.1/thumb/v7e-m+fp/hard/crtbegin.o
                0x08011590                        PROVIDE (__init_array_end = .)
                0x08011590                        . = ALIGN (0x4)

.fini_array     0x08011590        0x4
                0x08011590                        . = ALIGN (0x4)
                [!provide]                        PROVIDE (__fini_array_start = .)
 *(SORT_BY_NAME(.fini_array.*))
 *(.fini_array*)
 .fini_array    0x08011590        0x4 C:/ST/STM32CubeIDE_1.15.1/STM32CubeIDE/plugins/com.st.stm32cube.ide.mcu.externaltools.gnu-tools-for-stm32.13.3.rel1.win32_1.0.0.202411081344/tools/bin/../lib/gcc/arm-none-eabi/13.3.1/thumb/v7e-m+fp/hard/crtbegin.o
                [!provide]                        PROVIDE (__fini_array_end = .)
                0x08011594                        . = ALIGN (0x4)
                0x08011594                        _sidata = LOADADDR (.data)

.rel.dyn        0x08011594        0x0
 .rel.iplt      0x08011594        0x0 C:/ST/STM32CubeIDE_1.15.1/STM32CubeIDE/plugins/com.st.stm32cube.ide.mcu.externaltools.gnu-tools-for-stm32.13.3.rel1.win32_1.0.0.202411081344/tools/bin/../lib/gcc/arm-none-eabi/13.3.1/thumb/v7e-m+fp/hard/crtbegin.o

.data           0x20000000       0x88 load address 0x08011594
                0x20000000                        . = ALIGN (0x4)
                0x20000000                        _sdata = .
 *(.data)
 *(.data*)
 .data.Font_11x18
                0x20000000        0x8 ./Core/Src/fonts.o
                0x20000000                Font_11x18
 .data.SystemCoreClock
                0x20000008        0x4 ./Core/Src/system_stm32f4xx.o
                0x20000008                SystemCoreClock
 .data.uwTickPrio
                0x2000000c        0x4 ./Drivers/STM32F4xx_HAL_Driver/Src/stm32f4xx_hal.o
                0x2000000c                uwTickPrio
 .data.uwTickFreq
                0x20000010        0x1 ./Drivers/STM32F4xx_HAL_Driver/Src/stm32f4xx_hal.o
                0x20000010                uwTickFreq
 *fill*         0x20000011        0x3 
 .data.CDC_Class
                0x20000014       0x20 ./Middlewares/ST/STM32_USB_Host_Library/Class/CDC/Src/usbh_cdc.o
                0x20000014                CDC_Class
 .data.uxCriticalNesting
                0x20000034        0x4 ./Middlewares/Third_Party/FreeRTOS/Source/portable/GCC/ARM_CM4F/port.o
 .data._impure_ptr
                0x20000038        0x4 C:/ST/STM32CubeIDE_1.15.1/STM32CubeIDE/plugins/com.st.stm32cube.ide.mcu.externaltools.gnu-tools-for-stm32.13.3.rel1.win32_1.0.0.202411081344/tools/bin/../lib/gcc/arm-none-eabi/13.3.1/../../../../arm-none-eabi/lib/thumb/v7e-m+fp/hard\libc_nano.a(libc_a-impure.o)
                0x20000038                _impure_ptr
 .data._impure_data
                0x2000003c       0x4c C:/ST/STM32CubeIDE_1.15.1/STM32CubeIDE/plugins/com.st.stm32cube.ide.mcu.externaltools.gnu-tools-for-stm32.13.3.rel1.win32_1.0.0.202411081344/tools/bin/../lib/gcc/arm-none-eabi/13.3.1/../../../../arm-none-eabi/lib/thumb/v7e-m+fp/hard\libc_nano.a(libc_a-impure.o)
                0x2000003c                _impure_data
 *(.RamFunc)
 *(.RamFunc*)
                0x20000088                        . = ALIGN (0x4)
                0x20000088                        _edata = .
                0x0801161c                        _siccmram = LOADADDR (.ccmram)

.igot.plt       0x20000088        0x0 load address 0x0801161c
 .igot.plt      0x20000088        0x0 C:/ST/STM32CubeIDE_1.15.1/STM32CubeIDE/plugins/com.st.stm32cube.ide.mcu.externaltools.gnu-tools-for-stm32.13.3.rel1.win32_1.0.0.202411081344/tools/bin/../lib/gcc/arm-none-eabi/13.3.1/thumb/v7e-m+fp/hard/crtbegin.o

.ccmram         0x10000000        0x0 load address 0x0801161c
                0x10000000                        . = ALIGN (0x4)
                0x10000000                        _sccmram = .
 *(.ccmram)
 *(.ccmram*)
                0x10000000                        . = ALIGN (0x4)
                0x10000000                        _eccmram = .
                0x10000000                        . = ALIGN (0x4)

.bss            0x20000088     0x93f0
                0x20000088                        _sbss = .
                0x20000088                        __bss_start__ = _sbss
 *(.bss)
 .bss           0x20000088       0x1c C:/ST/STM32CubeIDE_1.15.1/STM32CubeIDE/plugins/com.st.stm32cube.ide.mcu.externaltools.gnu-tools-for-stm32.13.3.rel1.win32_1.0.0.202411081344/tools/bin/../lib/gcc/arm-none-eabi/13.3.1/thumb/v7e-m+fp/hard/crtbegin.o
 *(.bss*)
 .bss.SH1106_Buffer
                0x200000a4      0x400 ./Core/Src/SH1106.o
 .bss.SH1106    0x200004a4        0x6 ./Core/Src/SH1106.o
 *fill*         0x200004aa        0x2 
 .bss.xIdleTaskTCBBuffer
                0x200004ac       0x58 ./Core/Src/freertos.o
 .bss.xIdleStack
                0x20000504      0x200 ./Core/Src/freertos.o
 .bss.hcrc      0x20000704        0x8 ./Core/Src/main.o
                0x20000704                hcrc
 .bss.hdma2d    0x2000070c       0x40 ./Core/Src/main.o
                0x2000070c                hdma2d
 .bss.hi2c3     0x2000074c       0x54 ./Core/Src/main.o
                0x2000074c                hi2c3
 .bss.hltdc     0x200007a0       0xa8 ./Core/Src/main.o
                0x200007a0                hltdc
 .bss.hspi4     0x20000848       0x58 ./Core/Src/main.o
                0x20000848                hspi4
 .bss.hspi5     0x200008a0       0x58 ./Core/Src/main.o
                0x200008a0                hspi5
 .bss.htim1     0x200008f8       0x48 ./Core/Src/main.o
                0x200008f8                htim1
 .bss.huart1    0x20000940       0x48 ./Core/Src/main.o
                0x20000940                huart1
 .bss.hsdram1   0x20000988       0x34 ./Core/Src/main.o
                0x20000988                hsdram1
 .bss.defaultTaskHandle
                0x200009bc        0x4 ./Core/Src/main.o
                0x200009bc                defaultTaskHandle
 .bss.FMC_Initialized
                0x200009c0        0x4 ./Core/Src/stm32f4xx_hal_msp.o
 .bss.htim6     0x200009c4       0x48 ./Core/Src/stm32f4xx_hal_timebase_tim.o
                0x200009c4                htim6
 .bss.__sbrk_heap_end
                0x20000a0c        0x4 ./Core/Src/sysmem.o
 .bss.uwTick    0x20000a10        0x4 ./Drivers/STM32F4xx_HAL_Driver/Src/stm32f4xx_hal.o
                0x20000a10                uwTick
 .bss.pxCurrentTCB
                0x20000a14        0x4 ./Middlewares/Third_Party/FreeRTOS/Source/tasks.o
                0x20000a14                pxCurrentTCB
 .bss.pxReadyTasksLists
                0x20000a18       0x8c ./Middlewares/Third_Party/FreeRTOS/Source/tasks.o
 .bss.xDelayedTaskList1
                0x20000aa4       0x14 ./Middlewares/Third_Party/FreeRTOS/Source/tasks.o
 .bss.xDelayedTaskList2
                0x20000ab8       0x14 ./Middlewares/Third_Party/FreeRTOS/Source/tasks.o
 .bss.pxDelayedTaskList
                0x20000acc        0x4 ./Middlewares/Third_Party/FreeRTOS/Source/tasks.o
 .bss.pxOverflowDelayedTaskList
                0x20000ad0        0x4 ./Middlewares/Third_Party/FreeRTOS/Source/tasks.o
 .bss.xPendingReadyList
                0x20000ad4       0x14 ./Middlewares/Third_Party/FreeRTOS/Source/tasks.o
 .bss.xTasksWaitingTermination
                0x20000ae8       0x14 ./Middlewares/Third_Party/FreeRTOS/Source/tasks.o
 .bss.uxDeletedTasksWaitingCleanUp
                0x20000afc        0x4 ./Middlewares/Third_Party/FreeRTOS/Source/tasks.o
 .bss.xSuspendedTaskList
                0x20000b00       0x14 ./Middlewares/Third_Party/FreeRTOS/Source/tasks.o
 .bss.uxCurrentNumberOfTasks
                0x20000b14        0x4 ./Middlewares/Third_Party/FreeRTOS/Source/tasks.o
 .bss.xTickCount
                0x20000b18        0x4 ./Middlewares/Third_Party/FreeRTOS/Source/tasks.o
 .bss.uxTopReadyPriority
                0x20000b1c        0x4 ./Middlewares/Third_Party/FreeRTOS/Source/tasks.o
 .bss.xSchedulerRunning
                0x20000b20        0x4 ./Middlewares/Third_Party/FreeRTOS/Source/tasks.o
 .bss.xPendedTicks
                0x20000b24        0x4 ./Middlewares/Third_Party/FreeRTOS/Source/tasks.o
 .bss.xYieldPending
                0x20000b28        0x4 ./Middlewares/Third_Party/FreeRTOS/Source/tasks.o
 .bss.xNumOfOverflows
                0x20000b2c        0x4 ./Middlewares/Third_Party/FreeRTOS/Source/tasks.o
 .bss.uxTaskNumber
                0x20000b30        0x4 ./Middlewares/Third_Party/FreeRTOS/Source/tasks.o
 .bss.xNextTaskUnblockTime
                0x20000b34        0x4 ./Middlewares/Third_Party/FreeRTOS/Source/tasks.o
 .bss.xIdleTaskHandle
                0x20000b38        0x4 ./Middlewares/Third_Party/FreeRTOS/Source/tasks.o
 .bss.uxSchedulerSuspended
                0x20000b3c        0x4 ./Middlewares/Third_Party/FreeRTOS/Source/tasks.o
 .bss.ucMaxSysCallPriority
                0x20000b40        0x1 ./Middlewares/Third_Party/FreeRTOS/Source/portable/GCC/ARM_CM4F/port.o
 *fill*         0x20000b41        0x3 
 .bss.ulMaxPRIGROUPValue
                0x20000b44        0x4 ./Middlewares/Third_Party/FreeRTOS/Source/portable/GCC/ARM_CM4F/port.o
 .bss.ucHeap    0x20000b48     0x8000 ./Middlewares/Third_Party/FreeRTOS/Source/portable/MemMang/heap_4.o
 .bss.xStart    0x20008b48        0x8 ./Middlewares/Third_Party/FreeRTOS/Source/portable/MemMang/heap_4.o
 .bss.pxEnd     0x20008b50        0x4 ./Middlewares/Third_Party/FreeRTOS/Source/portable/MemMang/heap_4.o
 .bss.xFreeBytesRemaining
                0x20008b54        0x4 ./Middlewares/Third_Party/FreeRTOS/Source/portable/MemMang/heap_4.o
 .bss.xMinimumEverFreeBytesRemaining
                0x20008b58        0x4 ./Middlewares/Third_Party/FreeRTOS/Source/portable/MemMang/heap_4.o
 .bss.xNumberOfSuccessfulAllocations
                0x20008b5c        0x4 ./Middlewares/Third_Party/FreeRTOS/Source/portable/MemMang/heap_4.o
 .bss.xNumberOfSuccessfulFrees
                0x20008b60        0x4 ./Middlewares/Third_Party/FreeRTOS/Source/portable/MemMang/heap_4.o
 .bss.xBlockAllocatedBit
                0x20008b64        0x4 ./Middlewares/Third_Party/FreeRTOS/Source/portable/MemMang/heap_4.o
 .bss.hUsbHostHS