C:/TouchGFXProjects/SimpleRacing/SimpleRacing/Core/Src/main.c:860:13:SPI5_Write	1
C:/TouchGFXProjects/SimpleRacing/SimpleRacing/Core/Src/main.c:972:6:StartDefaultTask	1
C:/TouchGFXProjects/SimpleRacing/SimpleRacing/Core/Src/main.c:246:6:SystemClock_Config	1
C:/TouchGFXProjects/SimpleRacing/SimpleRacing/Core/Src/main.c:154:5:main	1
C:/TouchGFXProjects/SimpleRacing/SimpleRacing/Core/Src/main.c:704:6:IOE_Init	1
C:/TouchGFXProjects/SimpleRacing/SimpleRacing/Core/Src/main.c:713:6:IOE_ITConfig	1
C:/TouchGFXProjects/SimpleRacing/SimpleRacing/Core/Src/main.c:725:6:IOE_Write	1
C:/TouchGFXProjects/SimpleRacing/SimpleRacing/Core/Src/main.c:736:9:IOE_Read	1
C:/TouchGFXProjects/SimpleRacing/SimpleRacing/Core/Src/main.c:749:10:IOE_ReadMultiple	1
C:/TouchGFXProjects/SimpleRacing/SimpleRacing/Core/Src/main.c:758:6:IOE_Delay	1
C:/TouchGFXProjects/SimpleRacing/SimpleRacing/Core/Src/main.c:886:6:LCD_IO_Init	1
C:/TouchGFXProjects/SimpleRacing/SimpleRacing/Core/Src/main.c:896:6:LCD_IO_WriteData	1
C:/TouchGFXProjects/SimpleRacing/SimpleRacing/Core/Src/main.c:912:6:LCD_IO_WriteReg	1
C:/TouchGFXProjects/SimpleRacing/SimpleRacing/Core/Src/main.c:931:10:LCD_IO_ReadData	1
C:/TouchGFXProjects/SimpleRacing/SimpleRacing/Core/Src/main.c:958:6:LCD_Delay	1
C:/TouchGFXProjects/SimpleRacing/SimpleRacing/Core/Src/main.c:992:6:HAL_TIM_PeriodElapsedCallback	2
C:/TouchGFXProjects/SimpleRacing/SimpleRacing/Core/Src/main.c:1009:6:Error_Handler	1
