../Core/Src/main.c:77:19:SetTime	40	static
../Core/Src/main.c:95:19:GetTime	40	static
../Core/Src/main.c:117:6:PrintTime	88	static
../Core/Src/main.c:131:6:DisplayTimeOnOLED	64	static
../Core/Src/main.c:157:6:ProcessMain	16	static
../Core/Src/main.c:205:5:main	8	static
../Core/Src/main.c:252:6:SystemClock_Config	88	static
../Core/Src/main.c:305:13:MX_I2C3_Init	8	static
../Core/Src/main.c:353:13:MX_SPI4_Init	8	static
../Core/Src/main.c:391:13:MX_USART1_UART_Init	8	static
../Core/Src/main.c:424:13:MX_GPIO_Init	48	static
../Core/Src/main.c:471:6:Error_Handler	4	static,ignoring_inline_asm
